../Drivers/STM32WLxx_HAL_Driver/Inc/stm32wlxx_ll_bus.h:449:22:LL_AHB2_GRP1_EnableClock	24	static
../Drivers/STM32WLxx_HAL_Driver/Inc/stm32wlxx_ll_bus.h:914:22:LL_APB1_GRP1_EnableClock	24	static
../Drivers/STM32WLxx_HAL_Driver/Inc/stm32wlxx_ll_bus.h:1018:22:LL_APB1_GRP1_DisableClock	16	static
../Drivers/STM32WLxx_HAL_Driver/Inc/stm32wlxx_ll_bus.h:1303:22:LL_APB2_GRP1_EnableClock	24	static
../Drivers/STM32WLxx_HAL_Driver/Inc/stm32wlxx_ll_bus.h:1351:22:LL_APB2_GRP1_DisableClock	16	static
../Core/Src/main.c:183:5:main	144	static
../Core/Src/main.c:352:6:SystemClock_Config	112	static
../Core/Src/main.c:393:6:sleep	16	static
../Core/Src/main.c:467:6:handleRxTimeout	72	static
../Core/Src/main.c:484:6:handleRxError	72	static
../Core/Src/main.c:502:6:handleRxDone	176	static
../Core/Src/main.c:577:6:receiveINIT	16	static
../Core/Src/main.c:594:6:listenRX	16	static
../Core/Src/main.c:634:6:printFlowerArt	16	static
../Core/Src/main.c:660:6:getUniqueID	40	static
../Core/Src/main.c:679:6:formatSensorData	344	static
../Core/Src/main.c:691:6:delay	16	static
../Core/Src/main.c:697:7:soilTEMP	16	static
../Core/Src/main.c:717:9:DS18B20_Start	16	static
../Core/Src/main.c:736:6:DS18B20_Write	24	static
../Core/Src/main.c:766:9:DS18B20_Read	16	static
../Core/Src/main.c:787:6:Set_Pin_Output	40	static
../Core/Src/main.c:796:6:Set_Pin_Input	40	static
../Core/Src/main.c:807:6:soilMOISTUREinit	8	static
../Core/Src/main.c:813:6:ClearBuffer	24	static
../Core/Src/main.c:820:7:soilMOISTURE	16	static
../Core/Src/main.c:839:6:printOLED	24	static
../Core/Src/main.c:884:6:waitForLoRaTxComplete	8	static
../Core/Src/main.c:901:6:transmitData	272	static
../Core/Src/main.c:946:6:receiveMODE	24	static
../Core/Src/main.c:965:5:checkRX	120	static
../Core/Src/main.c:1015:6:LEDstartup	16	static
../Core/Src/main.c:1039:6:radioInit	40	static
../Core/Src/main.c:1122:6:RadioOnDioIrq	16	static
../Core/Src/main.c:1152:6:eventTxDone	16	static
../Core/Src/main.c:1190:6:eventRxDone	16	static
../Core/Src/main.c:1254:6:eventTxTimeout	16	static
../Core/Src/main.c:1292:6:eventRxTimeout	16	static
../Core/Src/main.c:1330:6:eventRxError	16	static
../Core/Src/main.c:1368:6:enterMasterRx	16	static
../Core/Src/main.c:1387:6:enterSlaveRx	16	static
../Core/Src/main.c:1406:6:enterMasterTx	16	static
../Core/Src/main.c:1430:6:enterSlaveTx	16	static
../Core/Src/main.c:1454:6:transitionRxDone	88	static
../Core/Src/main.c:1476:6:Error_Handler	4	static,ignoring_inline_asm
