Archive member included to satisfy reference by file (symbol)

C:/ST/STM32CubeIDE_1.16.0/STM32CubeIDE/plugins/com.st.stm32cube.ide.mcu.externaltools.gnu-tools-for-stm32.12.3.rel1.win32_1.0.200.202406191623/tools/bin/../lib/gcc/arm-none-eabi/12.3.1/../../../../arm-none-eabi/lib/thumb/v7e-m/nofp\libc_nano.a(libc_a-exit.o)
                              C:/ST/STM32CubeIDE_1.16.0/STM32CubeIDE/plugins/com.st.stm32cube.ide.mcu.externaltools.gnu-tools-for-stm32.12.3.rel1.win32_1.0.200.202406191623/tools/bin/../lib/gcc/arm-none-eabi/12.3.1/../../../../arm-none-eabi/lib/thumb/v7e-m/nofp/crt0.o (exit)
C:/ST/STM32CubeIDE_1.16.0/STM32CubeIDE/plugins/com.st.stm32cube.ide.mcu.externaltools.gnu-tools-for-stm32.12.3.rel1.win32_1.0.200.202406191623/tools/bin/../lib/gcc/arm-none-eabi/12.3.1/../../../../arm-none-eabi/lib/thumb/v7e-m/nofp\libc_nano.a(libc_a-nano-vfprintf_float.o)
                              (_printf_float)
C:/ST/STM32CubeIDE_1.16.0/STM32CubeIDE/plugins/com.st.stm32cube.ide.mcu.externaltools.gnu-tools-for-stm32.12.3.rel1.win32_1.0.200.202406191623/tools/bin/../lib/gcc/arm-none-eabi/12.3.1/../../../../arm-none-eabi/lib/thumb/v7e-m/nofp\libc_nano.a(libc_a-nano-vfprintf_i.o)
                              C:/ST/STM32CubeIDE_1.16.0/STM32CubeIDE/plugins/com.st.stm32cube.ide.mcu.externaltools.gnu-tools-for-stm32.12.3.rel1.win32_1.0.200.202406191623/tools/bin/../lib/gcc/arm-none-eabi/12.3.1/../../../../arm-none-eabi/lib/thumb/v7e-m/nofp\libc_nano.a(libc_a-nano-vfprintf_float.o) (_printf_common)
C:/ST/STM32CubeIDE_1.16.0/STM32CubeIDE/plugins/com.st.stm32cube.ide.mcu.externaltools.gnu-tools-for-stm32.12.3.rel1.win32_1.0.200.202406191623/tools/bin/../lib/gcc/arm-none-eabi/12.3.1/../../../../arm-none-eabi/lib/thumb/v7e-m/nofp\libc_nano.a(libc_a-findfp.o)
                              C:/ST/STM32CubeIDE_1.16.0/STM32CubeIDE/plugins/com.st.stm32cube.ide.mcu.externaltools.gnu-tools-for-stm32.12.3.rel1.win32_1.0.200.202406191623/tools/bin/../lib/gcc/arm-none-eabi/12.3.1/../../../../arm-none-eabi/lib/thumb/v7e-m/nofp\libc_nano.a(libc_a-exit.o) (__stdio_exit_handler)
C:/ST/STM32CubeIDE_1.16.0/STM32CubeIDE/plugins/com.st.stm32cube.ide.mcu.externaltools.gnu-tools-for-stm32.12.3.rel1.win32_1.0.200.202406191623/tools/bin/../lib/gcc/arm-none-eabi/12.3.1/../../../../arm-none-eabi/lib/thumb/v7e-m/nofp\libc_nano.a(libc_a-fwalk.o)
                              C:/ST/STM32CubeIDE_1.16.0/STM32CubeIDE/plugins/com.st.stm32cube.ide.mcu.externaltools.gnu-tools-for-stm32.12.3.rel1.win32_1.0.200.202406191623/tools/bin/../lib/gcc/arm-none-eabi/12.3.1/../../../../arm-none-eabi/lib/thumb/v7e-m/nofp\libc_nano.a(libc_a-findfp.o) (_fwalk_sglue)
C:/ST/STM32CubeIDE_1.16.0/STM32CubeIDE/plugins/com.st.stm32cube.ide.mcu.externaltools.gnu-tools-for-stm32.12.3.rel1.win32_1.0.200.202406191623/tools/bin/../lib/gcc/arm-none-eabi/12.3.1/../../../../arm-none-eabi/lib/thumb/v7e-m/nofp\libc_nano.a(libc_a-snprintf.o)
                              ./Core/Src/main.o (snprintf)
C:/ST/STM32CubeIDE_1.16.0/STM32CubeIDE/plugins/com.st.stm32cube.ide.mcu.externaltools.gnu-tools-for-stm32.12.3.rel1.win32_1.0.200.202406191623/tools/bin/../lib/gcc/arm-none-eabi/12.3.1/../../../../arm-none-eabi/lib/thumb/v7e-m/nofp\libc_nano.a(libc_a-sprintf.o)
                              ./Core/Src/main.o (sprintf)
C:/ST/STM32CubeIDE_1.16.0/STM32CubeIDE/plugins/com.st.stm32cube.ide.mcu.externaltools.gnu-tools-for-stm32.12.3.rel1.win32_1.0.200.202406191623/tools/bin/../lib/gcc/arm-none-eabi/12.3.1/../../../../arm-none-eabi/lib/thumb/v7e-m/nofp\libc_nano.a(libc_a-stdio.o)
                              C:/ST/STM32CubeIDE_1.16.0/STM32CubeIDE/plugins/com.st.stm32cube.ide.mcu.externaltools.gnu-tools-for-stm32.12.3.rel1.win32_1.0.200.202406191623/tools/bin/../lib/gcc/arm-none-eabi/12.3.1/../../../../arm-none-eabi/lib/thumb/v7e-m/nofp\libc_nano.a(libc_a-findfp.o) (__sread)
C:/ST/STM32CubeIDE_1.16.0/STM32CubeIDE/plugins/com.st.stm32cube.ide.mcu.externaltools.gnu-tools-for-stm32.12.3.rel1.win32_1.0.200.202406191623/tools/bin/../lib/gcc/arm-none-eabi/12.3.1/../../../../arm-none-eabi/lib/thumb/v7e-m/nofp\libc_nano.a(libc_a-memset.o)
                              C:/ST/STM32CubeIDE_1.16.0/STM32CubeIDE/plugins/com.st.stm32cube.ide.mcu.externaltools.gnu-tools-for-stm32.12.3.rel1.win32_1.0.200.202406191623/tools/bin/../lib/gcc/arm-none-eabi/12.3.1/../../../../arm-none-eabi/lib/thumb/v7e-m/nofp/crt0.o (memset)
C:/ST/STM32CubeIDE_1.16.0/STM32CubeIDE/plugins/com.st.stm32cube.ide.mcu.externaltools.gnu-tools-for-stm32.12.3.rel1.win32_1.0.200.202406191623/tools/bin/../lib/gcc/arm-none-eabi/12.3.1/../../../../arm-none-eabi/lib/thumb/v7e-m/nofp\libc_nano.a(libc_a-strncmp.o)
                              ./Core/Src/main.o (strncmp)
C:/ST/STM32CubeIDE_1.16.0/STM32CubeIDE/plugins/com.st.stm32cube.ide.mcu.externaltools.gnu-tools-for-stm32.12.3.rel1.win32_1.0.200.202406191623/tools/bin/../lib/gcc/arm-none-eabi/12.3.1/../../../../arm-none-eabi/lib/thumb/v7e-m/nofp\libc_nano.a(libc_a-localeconv.o)
[...]
Memory Configuration

Name             Origin             Length             Attributes
RAM              0x20000000         0x00010000         xrw
RAM2             0x10000000         0x00008000         xrw
FLASH            0x08000000         0x00040000         xr
*default*        0x00000000         0xffffffff

Linker script and memory map

LOAD C:/ST/STM32CubeIDE_1.16.0/STM32CubeIDE/plugins/com.st.stm32cube.ide.mcu.externaltools.gnu-tools-for-stm32.12.3.rel1.win32_1.0.200.202406191623/tools/bin/../lib/gcc/arm-none-eabi/12.3.1/thumb/v7e-m/nofp/crti.o
LOAD C:/ST/STM32CubeIDE_1.16.0/STM32CubeIDE/plugins/com.st.stm32cube.ide.mcu.externaltools.gnu-tools-for-stm32.12.3.rel1.win32_1.0.200.202406191623/tools/bin/../lib/gcc/arm-none-eabi/12.3.1/thumb/v7e-m/nofp/crtbegin.o
LOAD C:/ST/STM32CubeIDE_1.16.0/STM32CubeIDE/plugins/com.st.stm32cube.ide.mcu.externaltools.gnu-tools-for-stm32.12.3.rel1.win32_1.0.200.202406191623/tools/bin/../lib/gcc/arm-none-eabi/12.3.1/../../../../arm-none-eabi/lib/thumb/v7e-m/nofp/crt0.o
LOAD ./Core/Src/BME280_STM32.o
LOAD ./Core/Src/adc.o
LOAD ./Core/Src/dma.o
LOAD ./Core/Src/fonts.o
LOAD ./Core/Src/gpio.o
LOAD ./Core/Src/i2c.o
LOAD ./Core/Src/main.o
LOAD ./Core/Src/rtc.o
LOAD ./Core/Src/ssd1306.o
LOAD ./Core/Src/stm32wlxx_hal_msp.o
LOAD ./Core/Src/stm32wlxx_it.o
LOAD ./Core/Src/subghz.o
LOAD ./Core/Src/syscalls.o
LOAD ./Core/Src/sysmem.o
LOAD ./Core/Src/system_stm32wlxx.o
LOAD ./Core/Src/tim.o
LOAD ./Core/Src/usart.o
LOAD ./Core/Startup/startup_stm32wl55jcix.o
LOAD ./Drivers/BSP/STM32WLxx_Nucleo/stm32wlxx_nucleo.o
LOAD ./Drivers/BSP/STM32WLxx_Nucleo/stm32wlxx_nucleo_radio.o
LOAD ./Drivers/Radio/radio_board_if.o
LOAD ./Drivers/Radio/radio_driver.o
LOAD ./Drivers/STM32WLxx_HAL_Driver/Src/stm32wlxx_hal.o
LOAD ./Drivers/STM32WLxx_HAL_Driver/Src/stm32wlxx_hal_adc.o
LOAD ./Drivers/STM32WLxx_HAL_Driver/Src/stm32wlxx_hal_adc_ex.o
LOAD ./Drivers/STM32WLxx_HAL_Driver/Src/stm32wlxx_hal_cortex.o
LOAD ./Drivers/STM32WLxx_HAL_Driver/Src/stm32wlxx_hal_dma.o
LOAD ./Drivers/STM32WLxx_HAL_Driver/Src/stm32wlxx_hal_dma_ex.o
LOAD ./Drivers/STM32WLxx_HAL_Driver/Src/stm32wlxx_hal_exti.o
LOAD ./Drivers/STM32WLxx_HAL_Driver/Src/stm32wlxx_hal_flash.o
LOAD ./Drivers/STM32WLxx_HAL_Driver/Src/stm32wlxx_hal_flash_ex.o
LOAD ./Drivers/STM32WLxx_HAL_Driver/Src/stm32wlxx_hal_gpio.o
LOAD ./Drivers/STM32WLxx_HAL_Driver/Src/stm32wlxx_hal_i2c.o
LOAD ./Drivers/STM32WLxx_HAL_Driver/Src/stm32wlxx_hal_i2c_ex.o
LOAD ./Drivers/STM32WLxx_HAL_Driver/Src/stm32wlxx_hal_pwr.o
LOAD ./Drivers/STM32WLxx_HAL_Driver/Src/stm32wlxx_hal_pwr_ex.o
LOAD ./Drivers/STM32WLxx_HAL_Driver/Src/stm32wlxx_hal_rcc.o
LOAD ./Drivers/STM32WLxx_HAL_Driver/Src/stm32wlxx_hal_rcc_ex.o
LOAD ./Drivers/STM32WLxx_HAL_Driver/Src/stm32wlxx_hal_rtc.o
LOAD ./Drivers/STM32WLxx_HAL_Driver/Src/stm32wlxx_hal_rtc_ex.o
LOAD ./Drivers/STM32WLxx_HAL_Driver/Src/stm32wlxx_hal_subghz.o
LOAD ./Drivers/STM32WLxx_HAL_Driver/Src/stm32wlxx_hal_tim.o
LOAD ./Drivers/STM32WLxx_HAL_Driver/Src/stm32wlxx_hal_tim_ex.o
LOAD ./Drivers/STM32WLxx_HAL_Driver/Src/stm32wlxx_hal_uart.o
LOAD ./Drivers/STM32WLxx_HAL_Driver/Src/stm32wlxx_hal_uart_ex.o
LOAD ./Drivers/STM32WLxx_HAL_Driver/Src/stm32wlxx_ll_adc.o
LOAD ./Utils/misc/stm32_mem.o
START GROUP
LOAD C:/ST/STM32CubeIDE_1.16.0/STM32CubeIDE/plugins/com.st.stm32cube.ide.mcu.externaltools.gnu-tools-for-stm32.12.3.rel1.win32_1.0.200.202406191623/tools/bin/../lib/gcc/arm-none-eabi/12.3.1/../../../../arm-none-eabi/lib/thumb/v7e-m/nofp\libc_nano.a
LOAD C:/ST/STM32CubeIDE_1.16.0/STM32CubeIDE/plugins/com.st.stm32cube.ide.mcu.externaltools.gnu-tools-for-stm32.12.3.rel1.win32_1.0.200.202406191623/tools/bin/../lib/gcc/arm-none-eabi/12.3.1/../../../../arm-none-eabi/lib/thumb/v7e-m/nofp\libm.a
END GROUP
START GROUP
LOAD C:/ST/STM32CubeIDE_1.16.0/STM32CubeIDE/plugins/com.st.stm32cube.ide.mcu.externaltools.gnu-tools-for-stm32.12.3.rel1.win32_1.0.200.202406191623/tools/bin/../lib/gcc/arm-none-eabi/12.3.1/thumb/v7e-m/nofp\libgcc.a
LOAD C:/ST/STM32CubeIDE_1.16.0/STM32CubeIDE/plugins/com.st.stm32cube.ide.mcu.externaltools.gnu-tools-for-stm32.12.3.rel1.win32_1.0.200.202406191623/tools/bin/../lib/gcc/arm-none-eabi/12.3.1/../../../../arm-none-eabi/lib/thumb/v7e-m/nofp\libc_nano.a
END GROUP
START GROUP
LOAD C:/ST/STM32CubeIDE_1.16.0/STM32CubeIDE/plugins/com.st.stm32cube.ide.mcu.externaltools.gnu-tools-for-stm32.12.3.rel1.win32_1.0.200.202406191623/tools/bin/../lib/gcc/arm-none-eabi/12.3.1/thumb/v7e-m/nofp\libgcc.a
LOAD C:/ST/STM32CubeIDE_1.16.0/STM32CubeIDE/plugins/com.st.stm32cube.ide.mcu.externaltools.gnu-tools-for-stm32.12.3.rel1.win32_1.0.200.202406191623/tools/bin/../lib/gcc/arm-none-eabi/12.3.1/../../../../arm-none-eabi/lib/thumb/v7e-m/nofp\libc_nano.a
LOAD C:/ST/STM32CubeIDE_1.16.0/STM32CubeIDE/plugins/com.st.stm32cube.ide.mcu.externaltools.gnu-tools-for-stm32.12.3.rel1.win32_1.0.200.202406191623/tools/bin/../lib/gcc/arm-none-eabi/12.3.1/../../../../arm-none-eabi/lib/thumb/v7e-m/nofp\libnosys.a
END GROUP
START GROUP
LOAD C:/ST/STM32CubeIDE_1.16.0/STM32CubeIDE/plugins/com.st.stm32cube.ide.mcu.externaltools.gnu-tools-for-stm32.12.3.rel1.win32_1.0.200.202406191623/tools/bin/../lib/gcc/arm-none-eabi/12.3.1/thumb/v7e-m/nofp\libgcc.a
LOAD C:/ST/STM32CubeIDE_1.16.0/STM32CubeIDE/plugins/com.st.stm32cube.ide.mcu.externaltools.gnu-tools-for-stm32.12.3.rel1.win32_1.0.200.202406191623/tools/bin/../lib/gcc/arm-none-eabi/12.3.1/../../../../arm-none-eabi/lib/thumb/v7e-m/nofp\libc_nano.a
LOAD C:/ST/STM32CubeIDE_1.16.0/STM32CubeIDE/plugins/com.st.stm32cube.ide.mcu.externaltools.gnu-tools-for-stm32.12.3.rel1.win32_1.0.200.202406191623/tools/bin/../lib/gcc/arm-none-eabi/12.3.1/../../../../arm-none-eabi/lib/thumb/v7e-m/nofp\libnosys.a
END GROUP
LOAD C:/ST/STM32CubeIDE_1.16.0/STM32CubeIDE/plugins/com.st.stm32cube.ide.mcu.externaltools.gnu-tools-for-stm32.12.3.rel1.win32_1.0.200.202406191623/tools/bin/../lib/gcc/arm-none-eabi/12.3.1/thumb/v7e-m/nofp/crtend.o
LOAD C:/ST/STM32CubeIDE_1.16.0/STM32CubeIDE/plugins/com.st.stm32cube.ide.mcu.externaltools.gnu-tools-for-stm32.12.3.rel1.win32_1.0.200.202406191623/tools/bin/../lib/gcc/arm-none-eabi/12.3.1/thumb/v7e-m/nofp/crtn.o
                0x20010000                        _estack = (ORIGIN (RAM) + LENGTH (RAM))
                0x00000200                        _Min_Heap_Size = 0x200
                0x00000400                        _Min_Stack_Size = 0x400

.isr_vector     0x08000000      0x138
                0x08000000                        . = ALIGN (0x4)
 *(.isr_vector)
 .isr_vector    0x08000000      0x138 ./Core/Startup/startup_stm32wl55jcix.o
                0x08000000                g_pfnVectors
                0x08000138                        . = ALIGN (0x4)

.text           0x08000140     0xe448
                0x08000140                        . = ALIGN (0x4)
 *(.text)
 .text          0x08000140       0x40 C:/ST/STM32CubeIDE_1.16.0/STM32CubeIDE/plugins/com.st.stm32cube.ide.mcu.externaltools.gnu-tools-for-stm32.12.3.rel1.win32_1.0.200.202406191623/tools/bin/../lib/gcc/arm-none-eabi/12.3.1/thumb/v7e-m/nofp/crtbegin.o
 .text          0x08000180       0xa0 C:/ST/STM32CubeIDE_1.16.0/STM32CubeIDE/plugins/com.st.stm32cube.ide.mcu.externaltools.gnu-tools-for-stm32.12.3.rel1.win32_1.0.200.202406191623/tools/bin/../lib/gcc/arm-none-eabi/12.3.1/../../../../arm-none-eabi/lib/thumb/v7e-m/nofp\libc_nano.a(libc_a-memchr.o)
                0x08000180                memchr
 .text          0x08000220       0x10 C:/ST/STM32CubeIDE_1.16.0/STM32CubeIDE/plugins/com.st.stm32cube.ide.mcu.externaltools.gnu-tools-for-stm32.12.3.rel1.win32_1.0.200.202406191623/tools/bin/../lib/gcc/arm-none-eabi/12.3.1/../../../../arm-none-eabi/lib/thumb/v7e-m/nofp\libc_nano.a(libc_a-strlen.o)
                0x08000220                strlen
 .text          0x08000230      0x378 C:/ST/STM32CubeIDE_1.16.0/STM32CubeIDE/plugins/com.st.stm32cube.ide.mcu.externaltools.gnu-tools-for-stm32.12.3.rel1.win32_1.0.200.202406191623/tools/bin/../lib/gcc/arm-none-eabi/12.3.1/thumb/v7e-m/nofp\libgcc.a(_arm_addsubdf3.o)
                0x08000230                __aeabi_drsub
                0x08000238                __aeabi_dsub
                0x08000238                __subdf3
                0x0800023c                __aeabi_dadd
                0x0800023c                __adddf3
                0x080004b4                __floatunsidf
                0x080004b4                __aeabi_ui2d
                0x080004d4                __floatsidf
                0x080004d4                __aeabi_i2d
                0x080004f8                __aeabi_f2d
                0x080004f8                __extendsfdf2
                0x0800053c                __floatundidf
                0x0800053c                __aeabi_ul2d
                0x0800054c                __floatdidf
                0x0800054c                __aeabi_l2d
 .text          0x080005a8      0x424 C:/ST/STM32CubeIDE_1.16.0/STM32CubeIDE/plugins/com.st.stm32cube.ide.mcu.externaltools.gnu-tools-for-stm32.12.3.rel1.win32_1.0.200.202406191623/tools/bin/../lib/gcc/arm-none-eabi/12.3.1/thumb/v7e-m/nofp\libgcc.a(_arm_muldivdf3.o)
                0x080005a8                __aeabi_dmul
                0x080005a8                __muldf3
                0x080007fc                __divdf3
                0x080007fc                __aeabi_ddiv
 .text          0x080009cc      0x110 C:/ST/STM32CubeIDE_1.16.0/STM32CubeIDE/plugins/com.st.stm32cube.ide.mcu.externaltools.gnu-tools-for-stm32.12.3.rel1.win32_1.0.200.202406191623/tools/bin/../lib/gcc/arm-none-eabi/12.3.1/thumb/v7e-m/nofp\libgcc.a(_arm_cmpdf2.o)
                0x080009cc                __gtdf2
                0x080009cc                __gedf2
                0x080009d4                __ltdf2
                0x080009d4                __ledf2
                0x080009dc                __nedf2
                0x080009dc                __eqdf2
                0x080009dc                __cmpdf2
                0x08000a58                __aeabi_cdrcmple
                0x08000a68                __aeabi_cdcmpeq
                0x08000a68                __aeabi_cdcmple
                0x08000a78                __aeabi_dcmpeq
                0x08000a8c                __aeabi_dcmplt
                0x08000aa0                __aeabi_dcmple
                0x08000ab4                __aeabi_dcmpge
                0x08000ac8                __aeabi_dcmpgt
 .text          0x08000adc       0x2c C:/ST/STM32CubeIDE_1.16.0/STM32CubeIDE/plugins/com.st.stm32cube.ide.mcu.externaltools.gnu-tools-for-stm32.12.3.rel1.win32_1.0.200.202406191623/tools/bin/../lib/gcc/arm-none-eabi/12.3.1/thumb/v7e-m/nofp\libgcc.a(_arm_unorddf2.o)
                0x08000adc                __unorddf2
                0x08000adc                __aeabi_dcmpun
 .text          0x08000b08       0x50 C:/ST/STM32CubeIDE_1.16.0/STM32CubeIDE/plugins/com.st.stm32cube.ide.mcu.externaltools.gnu-tools-for-stm32.12.3.rel1.win32_1.0.200.202406191623/tools/bin/../lib/gcc/arm-none-eabi/12.3.1/thumb/v7e-m/nofp\libgcc.a(_arm_fixdfsi.o)
                0x08000b08                __aeabi_d2iz
                0x08000b08                __fixdfsi
 .text          0x08000b58       0xa0 C:/ST/STM32CubeIDE_1.16.0/STM32CubeIDE/plugins/com.st.stm32cube.ide.mcu.externaltools.gnu-tools-for-stm32.12.3.rel1.win32_1.0.200.202406191623/tools/bin/../lib/gcc/arm-none-eabi/12.3.1/thumb/v7e-m/nofp\libgcc.a(_arm_truncdfsf2.o)
                0x08000b58                __truncdfsf2
                0x08000b58                __aeabi_d2f
 .text          0x08000bf8      0x21c C:/ST/STM32CubeIDE_1.16.0/STM32CubeIDE/plugins/com.st.stm32cube.ide.mcu.externaltools.gnu-tools-for-stm32.12.3.rel1.win32_1.0.200.202406191623/tools/bin/../lib/gcc/arm-none-eabi/12.3.1/thumb/v7e-m/nofp\libgcc.a(_arm_addsubsf3.o)
                0x08000bf8                __aeabi_frsub
                0x08000c00                __subsf3
                0x08000c00                __aeabi_fsub
                0x08000c04                __aeabi_fadd
                0x08000c04                __addsf3
                0x08000d64                __aeabi_ui2f
                0x08000d64                __floatunsisf
                0x08000d6c                __aeabi_i2f
                0x08000d6c                __floatsisf
                0x08000d88                __aeabi_ul2f
                0x08000d88                __floatundisf
                0x08000d98                __aeabi_l2f
                0x08000d98                __floatdisf
 .text          0x08000e14      0x2a0 C:/ST/STM32CubeIDE_1.16.0/STM32CubeIDE/plugins/com.st.stm32cube.ide.mcu.externaltools.gnu-tools-for-stm32.12.3.rel1.win32_1.0.200.202406191623/tools/bin/../lib/gcc/arm-none-eabi/12.3.1/thumb/v7e-m/nofp\libgcc.a(_arm_muldivsf3.o)
                0x08000e14                __mulsf3
                0x08000e14                __aeabi_fmul
                0x08000f7c                __aeabi_fdiv
                0x08000f7c                __divsf3
 .text          0x080010b4       0xa0 C:/ST/STM32CubeIDE_1.16.0/STM32CubeIDE/plugins/com.st.stm32cube.ide.mcu.externaltools.gnu-tools-for-stm32.12.3.rel1.win32_1.0.200.202406191623/tools/bin/../lib/gcc/arm-none-eabi/12.3.1/thumb/v7e-m/nofp\libgcc.a(_aeabi_ldivmod.o)
                0x080010b4                __aeabi_ldivmod
 .text          0x08001154       0x30 C:/ST/STM32CubeIDE_1.16.0/STM32CubeIDE/plugins/com.st.stm32cube.ide.mcu.externaltools.gnu-tools-for-stm32.12.3.rel1.win32_1.0.200.202406191623/tools/bin/../lib/gcc/arm-none-eabi/12.3.1/thumb/v7e-m/nofp\libgcc.a(_aeabi_uldivmod.o)
                0x08001154                __aeabi_uldivmod
 .text          0x08001184      0x2bc C:/ST/STM32CubeIDE_1.16.0/STM32CubeIDE/plugins/com.st.stm32cube.ide.mcu.externaltools.gnu-tools-for-stm32.12.3.rel1.win32_1.0.200.202406191623/tools/bin/../lib/gcc/arm-none-eabi/12.3.1/thumb/v7e-m/nofp\libgcc.a(_udivmoddi4.o)
                0x08001184                __udivmoddi4
 .text          0x08001440        0x4 C:/ST/STM32CubeIDE_1.16.0/STM32CubeIDE/plugins/com.st.stm32cube.ide.mcu.externaltools.gnu-tools-for-stm32.12.3.rel1.win32_1.0.200.202406191623/tools/bin/../lib/gcc/arm-none-eabi/12.3.1/thumb/v7e-m/nofp\libgcc.a(_dvmd_tls.o)
                0x08001440                __aeabi_idiv0
                0x08001440                __aeabi_ldiv0
 *(.text*)
 .text.TrimRead
                0x08001444      0x1c4 ./Core/Src/BME280_STM32.o
                0x08001444                TrimRead
 .text.BME280_Config
                0x08001608      0x1ac ./Core/Src/BME280_STM32.o
                0x08001608                BME280_Config
 .text.BMEReadRaw
                0x080017b4       0xa0 ./Core/Src/BME280_STM32.o
                0x080017b4                BMEReadRaw
 .text.BME280_WakeUP
                0x08001854       0x5c ./Core/Src/BME280_STM32.o
                0x08001854                BME280_WakeUP
 .text.BME280_compensate_T_int32
                0x080018b0       0x80 ./Core/Src/BME280_STM32.o
                0x080018b0                BME280_compensate_T_int32
 .text.BME280_compensate_P_int64
                0x08001930      0x584 ./Core/Src/BME280_STM32.o
                0x08001930                BME280_compensate_P_int64
 .text.bme280_compensate_H_int32
                0x08001eb4       0xd8 ./Core/Src/BME280_STM32.o
                0x08001eb4                bme280_compensate_H_int32
 .text.BME280_Measure
                0x08001f8c      0x118 ./Core/Src/BME280_STM32.o
                0x08001f8c                BME280_Measure
 .text.LL_AHB2_GRP1_EnableClock
                0x080020a4       0x30 ./Core/Src/adc.o
 .text.LL_APB2_GRP1_EnableClock
                0x080020d4       0x30 ./Core/Src/adc.o
 .text.LL_APB2_GRP1_DisableClock
                0x08002104       0x24 ./Core/Src/adc.o
 .text.MX_ADC_Init
                0x08002128       0xd0 ./Core/Src/adc.o
                0x08002128                MX_ADC_Init
 .text.HAL_ADC_MspInit
                0x080021f8       0x58 ./Core/Src/adc.o
                0x080021f8                HAL_ADC_MspInit
 .text.HAL_ADC_MspDeInit
                0x08002250       0x34 ./Core/Src/adc.o
                0x08002250                HAL_ADC_MspDeInit
 .text.LL_AHB2_GRP1_EnableClock
                0x08002284       0x30 ./Core/Src/gpio.o
 .text.LL_SYSCFG_EnableFastModePlus
                0x080022b4       0x24 ./Core/Src/gpio.o
 .text.MX_GPIO_Init
                0x080022d8       0xb0 ./Core/Src/gpio.o
                0x080022d8                MX_GPIO_Init
 .text.LL_AHB2_GRP1_EnableClock
                0x08002388       0x30 ./Core/Src/i2c.o
 .text.LL_APB1_GRP1_EnableClock
                0x080023b8       0x30 ./Core/Src/i2c.o
 .text.LL_APB1_GRP1_DisableClock
                0x080023e8       0x24 ./Core/Src/i2c.o
 .text.MX_I2C2_Init
                0x0800240c       0x80 ./Core/Src/i2c.o
                0x0800240c                MX_I2C2_Init
 .text.MX_I2C3_Init
                0x0800248c       0x80 ./Core/Src/i2c.o
                0x0800248c                MX_I2C3_Init
 .text.HAL_I2C_MspInit
                0x0800250c       0xf0 ./Core/Src/i2c.o
                0x0800250c                HAL_I2C_MspInit
 .text.HAL_I2C_MspDeInit
                0x080025fc       0x6c ./Core/Src/i2c.o
                0x080025fc                HAL_I2C_MspDeInit
 .text.LL_AHB2_GRP1_EnableClock
                0x08002668       0x30 ./Core/Src/main.o
 .text.LL_APB1_GRP1_EnableClock
                0x08002698       0x30 ./Core/Src/main.o
 .text.LL_APB1_GRP1_DisableClock
                0x080026c8       0x24 ./Core/Src/main.o
 .text.LL_APB2_GRP1_EnableClock
                0x080026ec       0x30 ./Core/Src/main.o
 .text.LL_APB2_GRP1_DisableClock
                0x0800271c       0x24 ./Core/Src/main.o
 .text.main     0x08002740      0x1ec ./Core/Src/main.o
                0x08002740                main
 .text.SystemClock_Config
                0x0800292c       0xac ./Core/Src/main.o
                0x0800292c                SystemClock_Config
 .text.sleep    0x080029d8      0x10c ./Core/Src/main.o
                0x080029d8                sleep
 .text.handleRxTimeout
                0x08002ae4       0x74 ./Core/Src/main.o
                0x08002ae4                handleRxTimeout
 .text.handleRxError
                0x08002b58       0x78 ./Core/Src/main.o
                0x08002b58                handleRxError
 .text.handleRxDone
                0x08002bd0      0x190 ./Core/Src/main.o
                0x08002bd0                handleRxDone
 .text.printFlowerArt
                0x08002d60       0x30 ./Core/Src/main.o
                0x08002d60                printFlowerArt
 .text.getUniqueID
                0x08002d90       0x3c ./Core/Src/main.o
                0x08002d90                getUniqueID
 .text.formatSensorData
                0x08002dcc       0xec ./Core/Src/main.o
                0x08002dcc                formatSensorData
 .text.delay    0x08002eb8       0x30 ./Core/Src/main.o
                0x08002eb8                delay
 .text.soilTEMP
                0x08002ee8       0x78 ./Core/Src/main.o
                0x08002ee8                soilTEMP
 .text.DS18B20_Start
                0x08002f60       0x60 ./Core/Src/main.o
                0x08002f60                DS18B20_Start
 .text.DS18B20_Write
                0x08002fc0       0x8c ./Core/Src/main.o
                0x08002fc0                DS18B20_Write
 .text.DS18B20_Read
                0x0800304c       0x7c ./Core/Src/main.o
                0x0800304c                DS18B20_Read
 .text.Set_Pin_Output
                0x080030c8       0x3c ./Core/Src/main.o
                0x080030c8                Set_Pin_Output
 .text.Set_Pin_Input
                0x08003104       0x3c ./Core/Src/main.o
                0x08003104                Set_Pin_Input
 .text.soilMOISTUREinit
                0x08003140       0x5c ./Core/Src/main.o
                0x08003140                soilMOISTUREinit
 .text.ClearBuffer
                0x0800319c       0x36 ./Core/Src/main.o
                0x0800319c                ClearBuffer
 *fill*         0x080031d2        0x2 
 .text.soilMOISTURE
                0x080031d4       0x5c ./Core/Src/main.o
                0x080031d4                soilMOISTURE
 .text.printOLED
                0x08003230      0x178 ./Core/Src/main.o
                0x08003230                printOLED
 .text.waitForLoRaTxComplete
                0x080033a8       0x24 ./Core/Src/main.o
                0x080033a8                waitForLoRaTxComplete
 .text.transmitData
                0x080033cc       0xd8 ./Core/Src/main.o
                0x080033cc                transmitData
 .text.LEDstartup
                0x080034a4       0x46 ./Core/Src/main.o
                0x080034a4                LEDstartup
 *fill*         0x080034ea        0x2 
 .text.radioInit
                0x080034ec       0xd4 ./Core/Src/main.o
                0x080034ec                radioInit
 .text.RadioOnDioIrq
                0x080035c0       0x8c ./Core/Src/main.o
                0x080035c0                RadioOnDioIrq
 .text.eventRxDone
                0x0800364c       0xf4 ./Core/Src/main.o
                0x0800364c                eventRxDone
 .text.eventRxTimeout
                0x08003740       0x6c ./Core/Src/main.o
                0x08003740                eventRxTimeout
 .text.eventRxError
                0x080037ac       0x6c ./Core/Src/main.o
                0x080037ac                eventRxError
 .text.enterMasterRx
                0x08003818       0x5c ./Core/Src/main.o
                0x08003818                enterMasterRx
 .text.enterSlaveRx
                0x08003874       0x5c ./Core/Src/main.o
                0x08003874                enterSlaveRx
 .text.enterMasterTx
                0x080038d0       0x94 ./Core/Src/main.o
                0x080038d0                enterMasterTx
 .text.enterSlaveTx
                0x08003964       0x94 ./Core/Src/main.o
                0x08003964                enterSlaveTx
 .text.transitionRxDone
                0x080039f8       0x8c ./Core/Src/main.o
                0x080039f8                transitionRxDone
 .text.Error_Handler
                0x08003a84        0xc ./Core/Src/main.o
                0x08003a84                Error_Handler
 .text.LL_RCC_EnableRTC
                0x08003a90       0x20 ./Core/Src/rtc.o
 .text.LL_APB1_GRP1_EnableClock
                0x08003ab0       0x30 ./Core/Src/rtc.o
 .text.MX_RTC_Init
                0x08003ae0       0x60 ./Core/Src/rtc.o
                0x08003ae0                MX_RTC_Init
 .text.HAL_RTC_MspInit
                0x08003b40       0x58 ./Core/Src/rtc.o
                0x08003b40                HAL_RTC_MspInit
 .text.SSD1306_Init
                0x08003b98      0x188 ./Core/Src/ssd1306.o
                0x08003b98                SSD1306_Init
 .text.SSD1306_UpdateScreen
                0x08003d20       0x5c ./Core/Src/ssd1306.o
                0x08003d20                SSD1306_UpdateScreen
 .text.SSD1306_Fill
                0x08003d7c       0x30 ./Core/Src/ssd1306.o
                0x08003d7c                SSD1306_Fill
 .text.SSD1306_DrawPixel
                0x08003dac       0xbc ./Core/Src/ssd1306.o
                0x08003dac                SSD1306_DrawPixel
 .text.SSD1306_GotoXY
                0x08003e68       0x2c ./Core/Src/ssd1306.o
                0x08003e68                SSD1306_GotoXY
 .text.SSD1306_Putc
                0x08003e94       0xfc ./Core/Src/ssd1306.o
                0x08003e94                SSD1306_Putc
 .text.SSD1306_Puts
                0x08003f90       0x4a ./Core/Src/ssd1306.o
                0x08003f90                SSD1306_Puts
 .text.SSD1306_Clear
                0x08003fda       0x12 ./Core/Src/ssd1306.o
                0x08003fda                SSD1306_Clear
 .text.ssd1306_I2C_Init
                0x08003fec       0x28 ./Core/Src/ssd1306.o
                0x08003fec                ssd1306_I2C_Init
 .text.ssd1306_I2C_WriteMulti
                0x08004014       0xcc ./Core/Src/ssd1306.o
                0x08004014                ssd1306_I2C_WriteMulti
 .text.ssd1306_I2C_Write
                0x080040e0       0x3c ./Core/Src/ssd1306.o
                0x080040e0                ssd1306_I2C_Write
 .text.HAL_MspInit
                0x0800411c        0xc ./Core/Src/stm32wlxx_hal_msp.o
                0x0800411c                HAL_MspInit
 .text.NMI_Handler
                0x08004128        0x8 ./Core/Src/stm32wlxx_it.o
                0x08004128                NMI_Handler
 .text.HardFault_Handler
                0x08004130        0x8 ./Core/Src/stm32wlxx_it.o
                0x08004130                HardFault_Handler
 .text.MemManage_Handler
                0x08004138        0x8 ./Core/Src/stm32wlxx_it.o
                0x08004138                MemManage_Handler
 .text.BusFault_Handler
                0x08004140        0x8 ./Core/Src/stm32wlxx_it.o
                0x08004140                BusFault_Handler
 .text.UsageFault_Handler
                0x08004148        0x8 ./Core/Src/stm32wlxx_it.o
                0x08004148                UsageFault_Handler
 .text.SVC_Handler
                0x08004150        0xc ./Core/Src/stm32wlxx_it.o
                0x08004150                SVC_Handler
 .text.DebugMon_Handler
                0x0800415c        0xc ./Core/Src/stm32wlxx_it.o
                0x0800415c                DebugMon_Handler
 .text.PendSV_Handler
                0x08004168        0xc ./Core/Src/stm32wlxx_it.o
                0x08004168                PendSV_Handler
 .text.SysTick_Handler
                0x08004174        0xc ./Core/Src/stm32wlxx_it.o
                0x08004174                SysTick_Handler
 .text.SUBGHZ_Radio_IRQHandler
                0x08004180       0x14 ./Core/Src/stm32wlxx_it.o
                0x08004180                SUBGHZ_Radio_IRQHandler
 .text.LL_APB3_GRP1_EnableClock
                0x08004194       0x30 ./Core/Src/subghz.o
 .text.MX_SUBGHZ_Init
                0x080041c4       0x24 ./Core/Src/subghz.o
                0x080041c4                MX_SUBGHZ_Init
 .text.HAL_SUBGHZ_MspInit
                0x080041e8       0x26 ./Core/Src/subghz.o
                0x080041e8                HAL_SUBGHZ_MspInit
 .text._getpid  0x0800420e        0xe ./Core/Src/syscalls.o
                0x0800420e                _getpid
 .text._kill    0x0800421c       0x20 ./Core/Src/syscalls.o
                0x0800421c                _kill
 .text._exit    0x0800423c       0x16 ./Core/Src/syscalls.o
                0x0800423c                _exit
 .text._read    0x08004252       0x3a ./Core/Src/syscalls.o
                0x08004252                _read
 .text._write   0x0800428c       0x38 ./Core/Src/syscalls.o
                0x0800428c                _write
 .text._close   0x080042c4       0x16 ./Core/Src/syscalls.o
                0x080042c4                _close
 .text._fstat   0x080042da       0x1e ./Core/Src/syscalls.o
                0x080042da                _fstat
 .text._isatty  0x080042f8       0x14 ./Core/Src/syscalls.o
                0x080042f8                _isatty
 .text._lseek   0x0800430c       0x18 ./Core/Src/syscalls.o
                0x0800430c                _lseek
 .text._sbrk    0x08004324       0x6c ./Core/Src/sysmem.o
                0x08004324                _sbrk
 .text.SystemInit
                0x08004390        0xc ./Core/Src/system_stm32wlxx.o
                0x08004390                SystemInit
 .text.LL_APB1_GRP1_EnableClock
                0x0800439c       0x30 ./Core/Src/tim.o
 .text.MX_TIM2_Init
                0x080043cc       0x9c ./Core/Src/tim.o
                0x080043cc                MX_TIM2_Init
 .text.HAL_TIM_Base_MspInit
                0x08004468       0x20 ./Core/Src/tim.o
                0x08004468                HAL_TIM_Base_MspInit
 .text.LL_AHB2_GRP1_EnableClock
                0x08004488       0x30 ./Core/Src/usart.o
 .text.LL_APB1_GRP1_EnableClock
                0x080044b8       0x30 ./Core/Src/usart.o
 .text.LL_APB1_GRP1_DisableClock
                0x080044e8       0x24 ./Core/Src/usart.o
 .text.MX_USART2_UART_Init
                0x0800450c       0x98 ./Core/Src/usart.o
                0x0800450c                MX_USART2_UART_Init
 .text.HAL_UART_MspInit
                0x080045a4       0x8c ./Core/Src/usart.o
                0x080045a4                HAL_UART_MspInit
 .text.HAL_UART_MspDeInit
                0x08004630       0x30 ./Core/Src/usart.o
                0x08004630                HAL_UART_MspDeInit
 .text.Reset_Handler
                0x08004660       0x50 ./Core/Startup/startup_stm32wl55jcix.o
                0x08004660                Reset_Handler
 .text.Default_Handler
                0x080046b0        0x2 ./Core/Startup/startup_stm32wl55jcix.o
                0x080046b0                RTC_Alarm_IRQHandler
                0x080046b0                EXTI2_IRQHandler
                0x080046b0                TIM1_CC_IRQHandler
                0x080046b0                EXTI3_IRQHandler
                0x080046b0                LPTIM2_IRQHandler
                0x080046b0                I2C3_ER_IRQHandler
                0x080046b0                LPTIM3_IRQHandler
                0x080046b0                EXTI0_IRQHandler
                0x080046b0                I2C2_EV_IRQHandler
                0x080046b0                TAMP_STAMP_LSECSS_SSRU_IRQHandler
                0x080046b0                SPI1_IRQHandler
                0x080046b0                DMA2_Channel2_IRQHandler
                0x080046b0                DMA1_Channel4_IRQHandler
                0x080046b0                PKA_IRQHandler
                0x080046b0                TIM17_IRQHandler
                0x080046b0                DMA1_Channel7_IRQHandler
                0x080046b0                SUBGHZSPI_IRQHandler
                0x080046b0                IPCC_C1_TX_IRQHandler
                0x080046b0                DMA2_Channel1_IRQHandler
                0x080046b0                I2C1_EV_IRQHandler
                0x080046b0                DMAMUX1_OVR_IRQHandler
                0x080046b0                DMA1_Channel6_IRQHandler
                0x080046b0                TIM16_IRQHandler
                0x080046b0                DMA2_Channel4_IRQHandler
                0x080046b0                RCC_IRQHandler
                0x080046b0                TIM1_TRG_COM_IRQHandler
                0x080046b0                DMA1_Channel1_IRQHandler
                0x080046b0                Default_Handler
                0x080046b0                DMA2_Channel7_IRQHandler
                0x080046b0                EXTI15_10_IRQHandler
                0x080046b0                IPCC_C1_RX_IRQHandler
                0x080046b0                ADC_IRQHandler
                0x080046b0                C2SEV_PWR_C2H_IRQHandler
                0x080046b0                I2C3_EV_IRQHandler
                0x080046b0                EXTI9_5_IRQHandler
                0x080046b0                RTC_WKUP_IRQHandler
                0x080046b0                PVD_PVM_IRQHandler
                0x080046b0                SPI2_IRQHandler
                0x080046b0                DMA2_Channel5_IRQHandler
                0x080046b0                DMA1_Channel5_IRQHandler
                0x080046b0                EXTI4_IRQHandler
                0x080046b0                RNG_IRQHandler
                0x080046b0                DMA1_Channel3_IRQHandler
                0x080046b0                COMP_IRQHandler
                0x080046b0                HSEM_IRQHandler
                0x080046b0                TIM1_UP_IRQHandler
                0x080046b0                WWDG_IRQHandler
                0x080046b0                LPUART1_IRQHandler
                0x080046b0                DMA2_Channel6_IRQHandler
                0x080046b0                TIM2_IRQHandler
                0x080046b0                TIM1_BRK_IRQHandler
                0x080046b0                DAC_IRQHandler
                0x080046b0                EXTI1_IRQHandler
                0x080046b0                AES_IRQHandler
                0x080046b0                USART2_IRQHandler
                0x080046b0                I2C2_ER_IRQHandler
                0x080046b0                DMA1_Channel2_IRQHandler
                0x080046b0                FLASH_IRQHandler
                0x080046b0                USART1_IRQHandler
                0x080046b0                I2C1_ER_IRQHandler
                0x080046b0                LPTIM1_IRQHandler
                0x080046b0                DMA2_Channel3_IRQHandler
 *fill*         0x080046b2        0x2 
 .text.BSP_LED_On
                0x080046b4       0x34 ./Drivers/BSP/STM32WLxx_Nucleo/stm32wlxx_nucleo.o
                0x080046b4                BSP_LED_On
 .text.BSP_LED_Off
                0x080046e8       0x34 ./Drivers/BSP/STM32WLxx_Nucleo/stm32wlxx_nucleo.o
                0x080046e8                BSP_LED_Off
 .text.BSP_LED_Toggle
                0x0800471c       0x34 ./Drivers/BSP/STM32WLxx_Nucleo/stm32wlxx_nucleo.o
                0x0800471c                BSP_LED_Toggle
 .text.LL_AHB2_GRP1_EnableClock
                0x08004750       0x30 ./Drivers/BSP/STM32WLxx_Nucleo/stm32wlxx_nucleo_radio.o
 .text.BSP_RADIO_Init
                0x08004780       0x7c ./Drivers/BSP/STM32WLxx_Nucleo/stm32wlxx_nucleo_radio.o
                0x08004780                BSP_RADIO_Init
 .text.BSP_RADIO_ConfigRFSwitch
                0x080047fc       0xb8 ./Drivers/BSP/STM32WLxx_Nucleo/stm32wlxx_nucleo_radio.o
                0x080047fc                BSP_RADIO_ConfigRFSwitch
 .text.BSP_RADIO_GetTxConfig
                0x080048b4        0xe ./Drivers/BSP/STM32WLxx_Nucleo/stm32wlxx_nucleo_radio.o
                0x080048b4                BSP_RADIO_GetTxConfig
 .text.BSP_RADIO_IsTCXO
                0x080048c2        0xe ./Drivers/BSP/STM32WLxx_Nucleo/stm32wlxx_nucleo_radio.o
                0x080048c2                BSP_RADIO_IsTCXO
 .text.BSP_RADIO_IsDCDC
                0x080048d0        0xe ./Drivers/BSP/STM32WLxx_Nucleo/stm32wlxx_nucleo_radio.o
                0x080048d0                BSP_RADIO_IsDCDC
 .text.BSP_RADIO_GetRFOMaxPowerConfig
                0x080048de       0x26 ./Drivers/BSP/STM32WLxx_Nucleo/stm32wlxx_nucleo_radio.o
                0x080048de                BSP_RADIO_GetRFOMaxPowerConfig
 .text.RBI_Init
                0x08004904        0xe ./Drivers/Radio/radio_board_if.o
                0x08004904                RBI_Init
 .text.RBI_ConfigRFSwitch
                0x08004912       0x1c ./Drivers/Radio/radio_board_if.o
                0x08004912                RBI_ConfigRFSwitch
 .text.RBI_GetTxConfig
                0x0800492e        0xe ./Drivers/Radio/radio_board_if.o
                0x0800492e                RBI_GetTxConfig
 .text.RBI_IsTCXO
                0x0800493c        0xe ./Drivers/Radio/radio_board_if.o
                0x0800493c                RBI_IsTCXO
 .text.RBI_IsDCDC
                0x0800494a        0xe ./Drivers/Radio/radio_board_if.o
                0x0800494a                RBI_IsDCDC
 .text.RBI_GetRFOMaxPowerConfig
                0x08004958       0x1c ./Drivers/Radio/radio_board_if.o
                0x08004958                RBI_GetRFOMaxPowerConfig
 .text.SUBGRF_Init
                0x08004974       0x90 ./Drivers/Radio/radio_driver.o
                0x08004974                SUBGRF_Init
 .text.SUBGRF_SetPayload
                0x08004a04       0x20 ./Drivers/Radio/radio_driver.o
                0x08004a04                SUBGRF_SetPayload
 .text.SUBGRF_GetPayload
                0x08004a24       0x44 ./Drivers/Radio/radio_driver.o
                0x08004a24                SUBGRF_GetPayload
 .text.SUBGRF_SendPayload
                0x08004a68       0x26 ./Drivers/Radio/radio_driver.o
                0x08004a68                SUBGRF_SendPayload
 .text.SUBGRF_SetCrcSeed
                0x08004a8e       0x40 ./Drivers/Radio/radio_driver.o
                0x08004a8e                SUBGRF_SetCrcSeed
 .text.SUBGRF_SetCrcPolynomial
                0x08004ace       0x40 ./Drivers/Radio/radio_driver.o
                0x08004ace                SUBGRF_SetCrcPolynomial
 *fill*         0x08004b0e        0x2 
 .text.SUBGRF_SetStandby
                0x08004b10       0x38 ./Drivers/Radio/radio_driver.o
                0x08004b10                SUBGRF_SetStandby
 .text.SUBGRF_SetTx
                0x08004b48       0x40 ./Drivers/Radio/radio_driver.o
                0x08004b48                SUBGRF_SetTx
 .text.SUBGRF_SetRx
                0x08004b88       0x40 ./Drivers/Radio/radio_driver.o
                0x08004b88                SUBGRF_SetRx
 .text.SUBGRF_SetStopRxTimerOnPreambleDetect
                0x08004bc8       0x1e ./Drivers/Radio/radio_driver.o
                0x08004bc8                SUBGRF_SetStopRxTimerOnPreambleDetect
 .text.SUBGRF_SetRegulatorMode
                0x08004be6       0x2e ./Drivers/Radio/radio_driver.o
                0x08004be6                SUBGRF_SetRegulatorMode
 .text.SUBGRF_Calibrate
                0x08004c14       0x8c ./Drivers/Radio/radio_driver.o
                0x08004c14                SUBGRF_Calibrate
 .text.SUBGRF_CalibrateImage
                0x08004ca0       0x94 ./Drivers/Radio/radio_driver.o
                0x08004ca0                SUBGRF_CalibrateImage
 .text.SUBGRF_SetPaConfig
                0x08004d34       0x44 ./Drivers/Radio/radio_driver.o
                0x08004d34                SUBGRF_SetPaConfig
 .text.SUBGRF_SetDioIrqParams
                0x08004d78       0x74 ./Drivers/Radio/radio_driver.o
                0x08004d78                SUBGRF_SetDioIrqParams
 .text.SUBGRF_SetTcxoMode
                0x08004dec       0x42 ./Drivers/Radio/radio_driver.o
                0x08004dec                SUBGRF_SetTcxoMode
 *fill*         0x08004e2e        0x2 
 .text.SUBGRF_SetRfFrequency
                0x08004e30       0x8c ./Drivers/Radio/radio_driver.o
                0x08004e30                SUBGRF_SetRfFrequency
 .text.SUBGRF_SetPacketType
                0x08004ebc       0x38 ./Drivers/Radio/radio_driver.o
                0x08004ebc                SUBGRF_SetPacketType
 .text.SUBGRF_GetPacketType
                0x08004ef4       0x14 ./Drivers/Radio/radio_driver.o
                0x08004ef4                SUBGRF_GetPacketType
 .text.SUBGRF_SetTxParams
                0x08004f08      0x19a ./Drivers/Radio/radio_driver.o
                0x08004f08                SUBGRF_SetTxParams
 *fill*         0x080050a2        0x2 
 .text.SUBGRF_SetModulationParams
                0x080050a4      0x1a4 ./Drivers/Radio/radio_driver.o
                0x080050a4                SUBGRF_SetModulationParams
 .text.SUBGRF_SetPacketParams
                0x08005248      0x13c ./Drivers/Radio/radio_driver.o
                0x08005248                SUBGRF_SetPacketParams
 .text.SUBGRF_SetBufferBaseAddress
                0x08005384       0x2e ./Drivers/Radio/radio_driver.o
                0x08005384                SUBGRF_SetBufferBaseAddress
 *fill*         0x080053b2        0x2 
 .text.SUBGRF_GetRxBufferStatus
                0x080053b4       0x58 ./Drivers/Radio/radio_driver.o
                0x080053b4                SUBGRF_GetRxBufferStatus
 .text.SUBGRF_GetPacketStatus
                0x0800540c       0xa4 ./Drivers/Radio/radio_driver.o
                0x0800540c                SUBGRF_GetPacketStatus
 .text.SUBGRF_ClearIrqStatus
                0x080054b0       0x30 ./Drivers/Radio/radio_driver.o
                0x080054b0                SUBGRF_ClearIrqStatus
 .text.SUBGRF_WriteRegister
                0x080054e0       0x28 ./Drivers/Radio/radio_driver.o
                0x080054e0                SUBGRF_WriteRegister
 .text.SUBGRF_ReadRegister
                0x08005508       0x28 ./Drivers/Radio/radio_driver.o
                0x08005508                SUBGRF_ReadRegister
 .text.SUBGRF_WriteRegisters
                0x08005530       0x44 ./Drivers/Radio/radio_driver.o
                0x08005530                SUBGRF_WriteRegisters
 .text.SUBGRF_WriteBuffer
                0x08005574       0x44 ./Drivers/Radio/radio_driver.o
                0x08005574                SUBGRF_WriteBuffer
 .text.SUBGRF_ReadBuffer
                0x080055b8       0x44 ./Drivers/Radio/radio_driver.o
                0x080055b8                SUBGRF_ReadBuffer
 .text.SUBGRF_WriteCommand
                0x080055fc       0x44 ./Drivers/Radio/radio_driver.o
                0x080055fc                SUBGRF_WriteCommand
 .text.SUBGRF_ReadCommand
                0x08005640       0x44 ./Drivers/Radio/radio_driver.o
                0x08005640                SUBGRF_ReadCommand
 .text.SUBGRF_SetSwitch
                0x08005684       0x50 ./Drivers/Radio/radio_driver.o
                0x08005684                SUBGRF_SetSwitch
 .text.SUBGRF_SetRfTxPower
                0x080056d4       0x68 ./Drivers/Radio/radio_driver.o
                0x080056d4                SUBGRF_SetRfTxPower
 .text.HAL_SUBGHZ_TxCpltCallback
                0x0800573c       0x1c ./Drivers/Radio/radio_driver.o
                0x0800573c                HAL_SUBGHZ_TxCpltCallback
 .text.HAL_SUBGHZ_RxCpltCallback
                0x08005758       0x1c ./Drivers/Radio/radio_driver.o
                0x08005758                HAL_SUBGHZ_RxCpltCallback
 .text.HAL_SUBGHZ_CRCErrorCallback
                0x08005774       0x1c ./Drivers/Radio/radio_driver.o
                0x08005774                HAL_SUBGHZ_CRCErrorCallback
 .text.HAL_SUBGHZ_CADStatusCallback
                0x08005790       0x3c ./Drivers/Radio/radio_driver.o
                0x08005790                HAL_SUBGHZ_CADStatusCallback
 .text.HAL_SUBGHZ_RxTxTimeoutCallback
                0x080057cc       0x20 ./Drivers/Radio/radio_driver.o
                0x080057cc                HAL_SUBGHZ_RxTxTimeoutCallback
 .text.HAL_SUBGHZ_HeaderErrorCallback
                0x080057ec       0x1c ./Drivers/Radio/radio_driver.o
                0x080057ec                HAL_SUBGHZ_HeaderErrorCallback
 .text.HAL_SUBGHZ_PreambleDetectedCallback
                0x08005808       0x1c ./Drivers/Radio/radio_driver.o
                0x08005808                HAL_SUBGHZ_PreambleDetectedCallback
 .text.HAL_SUBGHZ_SyncWordValidCallback
                0x08005824       0x1c ./Drivers/Radio/radio_driver.o
                0x08005824                HAL_SUBGHZ_SyncWordValidCallback
 .text.HAL_SUBGHZ_HeaderValidCallback
                0x08005840       0x1c ./Drivers/Radio/radio_driver.o
                0x08005840                HAL_SUBGHZ_HeaderValidCallback
 .text.HAL_SUBGHZ_LrFhssHopCallback
                0x0800585c       0x20 ./Drivers/Radio/radio_driver.o
                0x0800585c                HAL_SUBGHZ_LrFhssHopCallback
 .text.Radio_SMPS_Set
                0x0800587c       0x42 ./Drivers/Radio/radio_driver.o
 *fill*         0x080058be        0x2 
 .text.HAL_Init
                0x080058c0       0x40 ./Drivers/STM32WLxx_HAL_Driver/Src/stm32wlxx_hal.o
                0x080058c0                HAL_Init
 .text.HAL_InitTick
                0x08005900       0x74 ./Drivers/STM32WLxx_HAL_Driver/Src/stm32wlxx_hal.o
                0x08005900                HAL_InitTick
 .text.HAL_IncTick
                0x08005974       0x24 ./Drivers/STM32WLxx_HAL_Driver/Src/stm32wlxx_hal.o
                0x08005974                HAL_IncTick
 .text.HAL_GetTick
                0x08005998       0x14 ./Drivers/STM32WLxx_HAL_Driver/Src/stm32wlxx_hal.o
                0x08005998                HAL_GetTick
 .text.HAL_Delay
                0x080059ac       0x48 ./Drivers/STM32WLxx_HAL_Driver/Src/stm32wlxx_hal.o
                0x080059ac                HAL_Delay
 .text.HAL_GetUIDw0
                0x080059f4       0x14 ./Drivers/STM32WLxx_HAL_Driver/Src/stm32wlxx_hal.o
                0x080059f4                HAL_GetUIDw0
 .text.HAL_GetUIDw1
                0x08005a08       0x14 ./Drivers/STM32WLxx_HAL_Driver/Src/stm32wlxx_hal.o
                0x08005a08                HAL_GetUIDw1
 .text.HAL_GetUIDw2
                0x08005a1c       0x14 ./Drivers/STM32WLxx_HAL_Driver/Src/stm32wlxx_hal.o
                0x08005a1c                HAL_GetUIDw2
 .text.LL_ADC_SetCommonPathInternalCh
                0x08005a30       0x24 ./Drivers/STM32WLxx_HAL_Driver/Src/stm32wlxx_hal_adc.o
 .text.LL_ADC_GetCommonPathInternalCh
                0x08005a54       0x1a ./Drivers/STM32WLxx_HAL_Driver/Src/stm32wlxx_hal_adc.o
 .text.LL_ADC_SetSamplingTimeCommonChannels
                0x08005a6e       0x3c ./Drivers/STM32WLxx_HAL_Driver/Src/stm32wlxx_hal_adc.o
 .text.LL_ADC_GetSamplingTimeCommonChannels
                0x08005aaa       0x30 ./Drivers/STM32WLxx_HAL_Driver/Src/stm32wlxx_hal_adc.o
 .text.LL_ADC_REG_IsTriggerSourceSWStart
                0x08005ada       0x24 ./Drivers/STM32WLxx_HAL_Driver/Src/stm32wlxx_hal_adc.o
 .text.LL_ADC_REG_SetSequencerRanks
                0x08005afe       0x42 ./Drivers/STM32WLxx_HAL_Driver/Src/stm32wlxx_hal_adc.o
 .text.LL_ADC_REG_SetSequencerChAdd
                0x08005b40       0x24 ./Drivers/STM32WLxx_HAL_Driver/Src/stm32wlxx_hal_adc.o
 .text.LL_ADC_REG_SetSequencerChRem
                0x08005b64       0x26 ./Drivers/STM32WLxx_HAL_Driver/Src/stm32wlxx_hal_adc.o
 .text.LL_ADC_SetChannelSamplingTime
                0x08005b8a       0x38 ./Drivers/STM32WLxx_HAL_Driver/Src/stm32wlxx_hal_adc.o
 .text.LL_ADC_EnableInternalRegulator
                0x08005bc2       0x26 ./Drivers/STM32WLxx_HAL_Driver/Src/stm32wlxx_hal_adc.o
 .text.LL_ADC_DisableInternalRegulator
                0x08005be8       0x22 ./Drivers/STM32WLxx_HAL_Driver/Src/stm32wlxx_hal_adc.o
 .text.LL_ADC_IsInternalRegulatorEnabled
                0x08005c0a       0x26 ./Drivers/STM32WLxx_HAL_Driver/Src/stm32wlxx_hal_adc.o
 .text.LL_ADC_Enable
                0x08005c30       0x26 ./Drivers/STM32WLxx_HAL_Driver/Src/stm32wlxx_hal_adc.o
 .text.LL_ADC_Disable
                0x08005c56       0x26 ./Drivers/STM32WLxx_HAL_Driver/Src/stm32wlxx_hal_adc.o
 .text.LL_ADC_IsEnabled
                0x08005c7c       0x24 ./Drivers/STM32WLxx_HAL_Driver/Src/stm32wlxx_hal_adc.o
 .text.LL_ADC_IsDisableOngoing
                0x08005ca0       0x24 ./Drivers/STM32WLxx_HAL_Driver/Src/stm32wlxx_hal_adc.o
 .text.LL_ADC_REG_StartConversion
                0x08005cc4       0x26 ./Drivers/STM32WLxx_HAL_Driver/Src/stm32wlxx_hal_adc.o
 .text.LL_ADC_REG_StopConversion
                0x08005cea       0x26 ./Drivers/STM32WLxx_HAL_Driver/Src/stm32wlxx_hal_adc.o
 .text.LL_ADC_REG_IsConversionOngoing
                0x08005d10       0x24 ./Drivers/STM32WLxx_HAL_Driver/Src/stm32wlxx_hal_adc.o
 .text.HAL_ADC_Init
                0x08005d34      0x328 ./Drivers/STM32WLxx_HAL_Driver/Src/stm32wlxx_hal_adc.o
                0x08005d34                HAL_ADC_Init
 .text.HAL_ADC_DeInit
                0x0800605c      0x118 ./Drivers/STM32WLxx_HAL_Driver/Src/stm32wlxx_hal_adc.o
                0x0800605c                HAL_ADC_DeInit
 .text.HAL_ADC_Start
                0x08006174       0x8c ./Drivers/STM32WLxx_HAL_Driver/Src/stm32wlxx_hal_adc.o
                0x08006174                HAL_ADC_Start
 .text.HAL_ADC_PollForConversion
                0x08006200      0x12e ./Drivers/STM32WLxx_HAL_Driver/Src/stm32wlxx_hal_adc.o
                0x08006200                HAL_ADC_PollForConversion
 .text.HAL_ADC_GetValue
                0x0800632e       0x18 ./Drivers/STM32WLxx_HAL_Driver/Src/stm32wlxx_hal_adc.o
                0x0800632e                HAL_ADC_GetValue
 *fill*         0x08006346        0x2 
 .text.HAL_ADC_ConfigChannel
                0x08006348      0x270 ./Drivers/STM32WLxx_HAL_Driver/Src/stm32wlxx_hal_adc.o
                0x08006348                HAL_ADC_ConfigChannel
 .text.ADC_ConversionStop
                0x080065b8       0x8a ./Drivers/STM32WLxx_HAL_Driver/Src/stm32wlxx_hal_adc.o
                0x080065b8                ADC_ConversionStop
 *fill*         0x08006642        0x2 
 .text.ADC_Enable
                0x08006644      0x10c ./Drivers/STM32WLxx_HAL_Driver/Src/stm32wlxx_hal_adc.o
                0x08006644                ADC_Enable
 .text.ADC_Disable
                0x08006750       0xbe ./Drivers/STM32WLxx_HAL_Driver/Src/stm32wlxx_hal_adc.o
                0x08006750                ADC_Disable
 .text.LL_ADC_SetCalibrationFactor
                0x0800680e       0x28 ./Drivers/STM32WLxx_HAL_Driver/Src/stm32wlxx_hal_adc_ex.o
 .text.LL_ADC_GetCalibrationFactor
                0x08006836       0x1c ./Drivers/STM32WLxx_HAL_Driver/Src/stm32wlxx_hal_adc_ex.o
 .text.LL_ADC_Enable
                0x08006852       0x26 ./Drivers/STM32WLxx_HAL_Driver/Src/stm32wlxx_hal_adc_ex.o
 .text.LL_ADC_Disable
                0x08006878       0x26 ./Drivers/STM32WLxx_HAL_Driver/Src/stm32wlxx_hal_adc_ex.o
 .text.LL_ADC_IsEnabled
                0x0800689e       0x24 ./Drivers/STM32WLxx_HAL_Driver/Src/stm32wlxx_hal_adc_ex.o
 .text.LL_ADC_StartCalibration
                0x080068c2       0x26 ./Drivers/STM32WLxx_HAL_Driver/Src/stm32wlxx_hal_adc_ex.o
 .text.LL_ADC_IsCalibrationOnGoing
                0x080068e8       0x26 ./Drivers/STM32WLxx_HAL_Driver/Src/stm32wlxx_hal_adc_ex.o
 .text.HAL_ADCEx_Calibration_Start
                0x0800690e      0x19a ./Drivers/STM32WLxx_HAL_Driver/Src/stm32wlxx_hal_adc_ex.o
                0x0800690e                HAL_ADCEx_Calibration_Start
 .text.__NVIC_SetPriorityGrouping
                0x08006aa8       0x48 ./Drivers/STM32WLxx_HAL_Driver/Src/stm32wlxx_hal_cortex.o
 .text.__NVIC_GetPriorityGrouping
                0x08006af0       0x1c ./Drivers/STM32WLxx_HAL_Driver/Src/stm32wlxx_hal_cortex.o
 .text.__NVIC_EnableIRQ
                0x08006b0c       0x38 ./Drivers/STM32WLxx_HAL_Driver/Src/stm32wlxx_hal_cortex.o
 .text.__NVIC_SetPriority
                0x08006b44       0x54 ./Drivers/STM32WLxx_HAL_Driver/Src/stm32wlxx_hal_cortex.o
 .text.NVIC_EncodePriority
                0x08006b98       0x64 ./Drivers/STM32WLxx_HAL_Driver/Src/stm32wlxx_hal_cortex.o
 .text.SysTick_Config
                0x08006bfc       0x44 ./Drivers/STM32WLxx_HAL_Driver/Src/stm32wlxx_hal_cortex.o
 .text.HAL_NVIC_SetPriorityGrouping
                0x08006c40       0x16 ./Drivers/STM32WLxx_HAL_Driver/Src/stm32wlxx_hal_cortex.o
                0x08006c40                HAL_NVIC_SetPriorityGrouping
 .text.HAL_NVIC_SetPriority
                0x08006c56       0x34 ./Drivers/STM32WLxx_HAL_Driver/Src/stm32wlxx_hal_cortex.o
                0x08006c56                HAL_NVIC_SetPriority
 .text.HAL_NVIC_EnableIRQ
                0x08006c8a       0x1c ./Drivers/STM32WLxx_HAL_Driver/Src/stm32wlxx_hal_cortex.o
                0x08006c8a                HAL_NVIC_EnableIRQ
 .text.HAL_SYSTICK_Config
                0x08006ca6       0x18 ./Drivers/STM32WLxx_HAL_Driver/Src/stm32wlxx_hal_cortex.o
                0x08006ca6                HAL_SYSTICK_Config
 *fill*         0x08006cbe        0x2 
 .text.HAL_GPIO_Init
                0x08006cc0      0x2c0 ./Drivers/STM32WLxx_HAL_Driver/Src/stm32wlxx_hal_gpio.o
                0x08006cc0                HAL_GPIO_Init
 .text.HAL_GPIO_DeInit
                0x08006f80      0x19c ./Drivers/STM32WLxx_HAL_Driver/Src/stm32wlxx_hal_gpio.o
                0x08006f80                HAL_GPIO_DeInit
 .text.HAL_GPIO_ReadPin
                0x0800711c       0x2e ./Drivers/STM32WLxx_HAL_Driver/Src/stm32wlxx_hal_gpio.o
                0x0800711c                HAL_GPIO_ReadPin
 .text.HAL_GPIO_WritePin
                0x0800714a       0x2e ./Drivers/STM32WLxx_HAL_Driver/Src/stm32wlxx_hal_gpio.o
                0x0800714a                HAL_GPIO_WritePin
 .text.HAL_GPIO_TogglePin
                0x08007178       0x32 ./Drivers/STM32WLxx_HAL_Driver/Src/stm32wlxx_hal_gpio.o
                0x08007178                HAL_GPIO_TogglePin
 .text.HAL_I2C_Init
                0x080071aa      0x11e ./Drivers/STM32WLxx_HAL_Driver/Src/stm32wlxx_hal_i2c.o
                0x080071aa                HAL_I2C_Init
 .text.HAL_I2C_DeInit
                0x080072c8       0x5e ./Drivers/STM32WLxx_HAL_Driver/Src/stm32wlxx_hal_i2c.o
                0x080072c8                HAL_I2C_DeInit
 *fill*         0x08007326        0x2 
 .text.HAL_I2C_Master_Transmit
                0x08007328      0x1e8 ./Drivers/STM32WLxx_HAL_Driver/Src/stm32wlxx_hal_i2c.o
                0x08007328                HAL_I2C_Master_Transmit
 .text.HAL_I2C_Mem_Write
                0x08007510      0x228 ./Drivers/STM32WLxx_HAL_Driver/Src/stm32wlxx_hal_i2c.o
                0x08007510                HAL_I2C_Mem_Write
 .text.HAL_I2C_Mem_Read
                0x08007738      0x234 ./Drivers/STM32WLxx_HAL_Driver/Src/stm32wlxx_hal_i2c.o
                0x08007738                HAL_I2C_Mem_Read
 .text.HAL_I2C_IsDeviceReady
                0x0800796c      0x20e ./Drivers/STM32WLxx_HAL_Driver/Src/stm32wlxx_hal_i2c.o
                0x0800796c                HAL_I2C_IsDeviceReady
 *fill*         0x08007b7a        0x2 
 .text.I2C_RequestMemoryWrite
                0x08007b7c       0xa8 ./Drivers/STM32WLxx_HAL_Driver/Src/stm32wlxx_hal_i2c.o
 .text.I2C_RequestMemoryRead
                0x08007c24       0xa8 ./Drivers/STM32WLxx_HAL_Driver/Src/stm32wlxx_hal_i2c.o
 .text.I2C_Flush_TXDR
                0x08007ccc       0x46 ./Drivers/STM32WLxx_HAL_Driver/Src/stm32wlxx_hal_i2c.o
 .text.I2C_WaitOnFlagUntilTimeout
                0x08007d12       0x80 ./Drivers/STM32WLxx_HAL_Driver/Src/stm32wlxx_hal_i2c.o
 .text.I2C_WaitOnTXISFlagUntilTimeout
                0x08007d92       0x80 ./Drivers/STM32WLxx_HAL_Driver/Src/stm32wlxx_hal_i2c.o
 .text.I2C_WaitOnSTOPFlagUntilTimeout
                0x08007e12       0x78 ./Drivers/STM32WLxx_HAL_Driver/Src/stm32wlxx_hal_i2c.o
 *fill*         0x08007e8a        0x2 
 .text.I2C_IsErrorOccurred
                0x08007e8c      0x1c0 ./Drivers/STM32WLxx_HAL_Driver/Src/stm32wlxx_hal_i2c.o
 .text.I2C_TransferConfig
                0x0800804c       0x60 ./Drivers/STM32WLxx_HAL_Driver/Src/stm32wlxx_hal_i2c.o
 .text.HAL_I2CEx_ConfigAnalogFilter
                0x080080ac       0x94 ./Drivers/STM32WLxx_HAL_Driver/Src/stm32wlxx_hal_i2c_ex.o
                0x080080ac                HAL_I2CEx_ConfigAnalogFilter
 .text.HAL_I2CEx_ConfigDigitalFilter
                0x08008140       0x96 ./Drivers/STM32WLxx_HAL_Driver/Src/stm32wlxx_hal_i2c_ex.o
                0x08008140                HAL_I2CEx_ConfigDigitalFilter
 *fill*         0x080081d6        0x2 
 .text.HAL_PWR_EnableBkUpAccess
                0x080081d8       0x1c ./Drivers/STM32WLxx_HAL_Driver/Src/stm32wlxx_hal_pwr.o
                0x080081d8                HAL_PWR_EnableBkUpAccess
 .text.HAL_PWREx_GetVoltageRange
                0x080081f4       0x18 ./Drivers/STM32WLxx_HAL_Driver/Src/stm32wlxx_hal_pwr_ex.o
                0x080081f4                HAL_PWREx_GetVoltageRange
 .text.HAL_PWREx_EnterSTOP2Mode
                0x0800820c       0x54 ./Drivers/STM32WLxx_HAL_Driver/Src/stm32wlxx_hal_pwr_ex.o
                0x0800820c                HAL_PWREx_EnterSTOP2Mode
 .text.LL_PWR_IsEnabledBkUpAccess
                0x08008260       0x24 ./Drivers/STM32WLxx_HAL_Driver/Src/stm32wlxx_hal_rcc.o
 .text.LL_RCC_HSE_EnableTcxo
                0x08008284       0x1c ./Drivers/STM32WLxx_HAL_Driver/Src/stm32wlxx_hal_rcc.o
 .text.LL_RCC_HSE_DisableTcxo
                0x080082a0       0x1c ./Drivers/STM32WLxx_HAL_Driver/Src/stm32wlxx_hal_rcc.o
 .text.LL_RCC_HSE_IsEnabledDiv2
                0x080082bc       0x22 ./Drivers/STM32WLxx_HAL_Driver/Src/stm32wlxx_hal_rcc.o
 .text.LL_RCC_HSE_Enable
                0x080082de       0x1c ./Drivers/STM32WLxx_HAL_Driver/Src/stm32wlxx_hal_rcc.o
 .text.LL_RCC_HSE_Disable
                0x080082fa       0x1c ./Drivers/STM32WLxx_HAL_Driver/Src/stm32wlxx_hal_rcc.o
 .text.LL_RCC_HSE_IsReady
                0x08008316       0x22 ./Drivers/STM32WLxx_HAL_Driver/Src/stm32wlxx_hal_rcc.o
 .text.LL_RCC_HSI_Enable
                0x08008338       0x1c ./Drivers/STM32WLxx_HAL_Driver/Src/stm32wlxx_hal_rcc.o
 .text.LL_RCC_HSI_Disable
                0x08008354       0x1c ./Drivers/STM32WLxx_HAL_Driver/Src/stm32wlxx_hal_rcc.o
 .text.LL_RCC_HSI_IsReady
                0x08008370       0x22 ./Drivers/STM32WLxx_HAL_Driver/Src/stm32wlxx_hal_rcc.o
 .text.LL_RCC_HSI_SetCalibTrimming
                0x08008392       0x28 ./Drivers/STM32WLxx_HAL_Driver/Src/stm32wlxx_hal_rcc.o
 .text.LL_RCC_LSE_IsReady
                0x080083ba       0x22 ./Drivers/STM32WLxx_HAL_Driver/Src/stm32wlxx_hal_rcc.o
 .text.LL_RCC_LSI_Enable
                0x080083dc       0x20 ./Drivers/STM32WLxx_HAL_Driver/Src/stm32wlxx_hal_rcc.o
 .text.LL_RCC_LSI_Disable
                0x080083fc       0x20 ./Drivers/STM32WLxx_HAL_Driver/Src/stm32wlxx_hal_rcc.o
 .text.LL_RCC_LSI_IsReady
                0x0800841c       0x22 ./Drivers/STM32WLxx_HAL_Driver/Src/stm32wlxx_hal_rcc.o
 .text.LL_RCC_MSI_Enable
                0x0800843e       0x1c ./Drivers/STM32WLxx_HAL_Driver/Src/stm32wlxx_hal_rcc.o
 .text.LL_RCC_MSI_Disable
                0x0800845a       0x1c ./Drivers/STM32WLxx_HAL_Driver/Src/stm32wlxx_hal_rcc.o
 .text.LL_RCC_MSI_IsReady
                0x08008476       0x20 ./Drivers/STM32WLxx_HAL_Driver/Src/stm32wlxx_hal_rcc.o
 .text.LL_RCC_MSI_IsEnabledRangeSelect
                0x08008496       0x20 ./Drivers/STM32WLxx_HAL_Driver/Src/stm32wlxx_hal_rcc.o
 .text.LL_RCC_MSI_GetRange
                0x080084b6       0x16 ./Drivers/STM32WLxx_HAL_Driver/Src/stm32wlxx_hal_rcc.o
 .text.LL_RCC_MSI_GetRangeAfterStandby
                0x080084cc       0x18 ./Drivers/STM32WLxx_HAL_Driver/Src/stm32wlxx_hal_rcc.o
 .text.LL_RCC_MSI_SetCalibTrimming
                0x080084e4       0x28 ./Drivers/STM32WLxx_HAL_Driver/Src/stm32wlxx_hal_rcc.o
 .text.LL_RCC_SetSysClkSource
                0x0800850c       0x26 ./Drivers/STM32WLxx_HAL_Driver/Src/stm32wlxx_hal_rcc.o
 .text.LL_RCC_GetSysClkSource
                0x08008532       0x16 ./Drivers/STM32WLxx_HAL_Driver/Src/stm32wlxx_hal_rcc.o
 .text.LL_RCC_SetAHBPrescaler
                0x08008548       0x26 ./Drivers/STM32WLxx_HAL_Driver/Src/stm32wlxx_hal_rcc.o
 .text.LL_C2_RCC_SetAHBPrescaler
                0x0800856e       0x2a ./Drivers/STM32WLxx_HAL_Driver/Src/stm32wlxx_hal_rcc.o
 .text.LL_RCC_SetAHB3Prescaler
                0x08008598       0x2c ./Drivers/STM32WLxx_HAL_Driver/Src/stm32wlxx_hal_rcc.o
 .text.LL_RCC_SetAPB1Prescaler
                0x080085c4       0x26 ./Drivers/STM32WLxx_HAL_Driver/Src/stm32wlxx_hal_rcc.o
 .text.LL_RCC_SetAPB2Prescaler
                0x080085ea       0x26 ./Drivers/STM32WLxx_HAL_Driver/Src/stm32wlxx_hal_rcc.o
 .text.LL_RCC_GetAHBPrescaler
                0x08008610       0x16 ./Drivers/STM32WLxx_HAL_Driver/Src/stm32wlxx_hal_rcc.o
 .text.LL_RCC_GetAHB3Prescaler
                0x08008626       0x1a ./Drivers/STM32WLxx_HAL_Driver/Src/stm32wlxx_hal_rcc.o
 .text.LL_RCC_GetAPB1Prescaler
                0x08008640       0x16 ./Drivers/STM32WLxx_HAL_Driver/Src/stm32wlxx_hal_rcc.o
 .text.LL_RCC_GetAPB2Prescaler
                0x08008656       0x16 ./Drivers/STM32WLxx_HAL_Driver/Src/stm32wlxx_hal_rcc.o
 .text.LL_RCC_PLL_Enable
                0x0800866c       0x1c ./Drivers/STM32WLxx_HAL_Driver/Src/stm32wlxx_hal_rcc.o
 .text.LL_RCC_PLL_Disable
                0x08008688       0x1c ./Drivers/STM32WLxx_HAL_Driver/Src/stm32wlxx_hal_rcc.o
 .text.LL_RCC_PLL_IsReady
                0x080086a4       0x22 ./Drivers/STM32WLxx_HAL_Driver/Src/stm32wlxx_hal_rcc.o
 .text.LL_RCC_PLL_GetN
                0x080086c6       0x18 ./Drivers/STM32WLxx_HAL_Driver/Src/stm32wlxx_hal_rcc.o
 .text.LL_RCC_PLL_GetR
                0x080086de       0x16 ./Drivers/STM32WLxx_HAL_Driver/Src/stm32wlxx_hal_rcc.o
 .text.LL_RCC_PLL_GetDivider
                0x080086f4       0x16 ./Drivers/STM32WLxx_HAL_Driver/Src/stm32wlxx_hal_rcc.o
 .text.LL_RCC_PLL_GetMainSource
                0x0800870a       0x16 ./Drivers/STM32WLxx_HAL_Driver/Src/stm32wlxx_hal_rcc.o
 .text.LL_RCC_IsActiveFlag_HPRE
                0x08008720       0x22 ./Drivers/STM32WLxx_HAL_Driver/Src/stm32wlxx_hal_rcc.o
 .text.LL_RCC_IsActiveFlag_C2HPRE
                0x08008742       0x24 ./Drivers/STM32WLxx_HAL_Driver/Src/stm32wlxx_hal_rcc.o
 .text.LL_RCC_IsActiveFlag_SHDHPRE
                0x08008766       0x24 ./Drivers/STM32WLxx_HAL_Driver/Src/stm32wlxx_hal_rcc.o
 .text.LL_RCC_IsActiveFlag_PPRE1
                0x0800878a       0x22 ./Drivers/STM32WLxx_HAL_Driver/Src/stm32wlxx_hal_rcc.o
 .text.LL_RCC_IsActiveFlag_PPRE2
                0x080087ac       0x22 ./Drivers/STM32WLxx_HAL_Driver/Src/stm32wlxx_hal_rcc.o
 *fill*         0x080087ce        0x2 
 .text.HAL_RCC_OscConfig
                0x080087d0      0x704 ./Drivers/STM32WLxx_HAL_Driver/Src/stm32wlxx_hal_rcc.o
                0x080087d0                HAL_RCC_OscConfig
 .text.HAL_RCC_ClockConfig
                0x08008ed4      0x284 ./Drivers/STM32WLxx_HAL_Driver/Src/stm32wlxx_hal_rcc.o
                0x08008ed4                HAL_RCC_ClockConfig
 .text.HAL_RCC_GetSysClockFreq
                0x08009158      0x140 ./Drivers/STM32WLxx_HAL_Driver/Src/stm32wlxx_hal_rcc.o
                0x08009158                HAL_RCC_GetSysClockFreq
 .text.HAL_RCC_GetHCLKFreq
                0x08009298       0x28 ./Drivers/STM32WLxx_HAL_Driver/Src/stm32wlxx_hal_rcc.o
                0x08009298                HAL_RCC_GetHCLKFreq
 .text.HAL_RCC_GetPCLK1Freq
                0x080092c0       0x24 ./Drivers/STM32WLxx_HAL_Driver/Src/stm32wlxx_hal_rcc.o
                0x080092c0                HAL_RCC_GetPCLK1Freq
 .text.HAL_RCC_GetPCLK2Freq
                0x080092e4       0x24 ./Drivers/STM32WLxx_HAL_Driver/Src/stm32wlxx_hal_rcc.o
                0x080092e4                HAL_RCC_GetPCLK2Freq
 .text.RCC_SetFlashLatencyFromMSIRange
                0x08009308       0x60 ./Drivers/STM32WLxx_HAL_Driver/Src/stm32wlxx_hal_rcc.o
 .text.RCC_SetFlashLatency
                0x08009368      0x104 ./Drivers/STM32WLxx_HAL_Driver/Src/stm32wlxx_hal_rcc.o
 .text.LL_RCC_LSE_IsReady
                0x0800946c       0x22 ./Drivers/STM32WLxx_HAL_Driver/Src/stm32wlxx_hal_rcc_ex.o
 .text.LL_RCC_SetUSARTClockSource
                0x0800948e       0x30 ./Drivers/STM32WLxx_HAL_Driver/Src/stm32wlxx_hal_rcc_ex.o
 .text.LL_RCC_SetI2SClockSource
                0x080094be       0x2a ./Drivers/STM32WLxx_HAL_Driver/Src/stm32wlxx_hal_rcc_ex.o
 .text.LL_RCC_SetLPUARTClockSource
                0x080094e8       0x2a ./Drivers/STM32WLxx_HAL_Driver/Src/stm32wlxx_hal_rcc_ex.o
 .text.LL_RCC_SetI2CClockSource
                0x08009512       0x38 ./Drivers/STM32WLxx_HAL_Driver/Src/stm32wlxx_hal_rcc_ex.o
 .text.LL_RCC_SetLPTIMClockSource
                0x0800954a       0x32 ./Drivers/STM32WLxx_HAL_Driver/Src/stm32wlxx_hal_rcc_ex.o
 .text.LL_RCC_SetRNGClockSource
                0x0800957c       0x2a ./Drivers/STM32WLxx_HAL_Driver/Src/stm32wlxx_hal_rcc_ex.o
 .text.LL_RCC_SetADCClockSource
                0x080095a6       0x2a ./Drivers/STM32WLxx_HAL_Driver/Src/stm32wlxx_hal_rcc_ex.o
 .text.LL_RCC_SetRTCClockSource
                0x080095d0       0x2a ./Drivers/STM32WLxx_HAL_Driver/Src/stm32wlxx_hal_rcc_ex.o
 .text.LL_RCC_GetRTCClockSource
                0x080095fa       0x18 ./Drivers/STM32WLxx_HAL_Driver/Src/stm32wlxx_hal_rcc_ex.o
 .text.LL_RCC_ForceBackupDomainReset
                0x08009612       0x20 ./Drivers/STM32WLxx_HAL_Driver/Src/stm32wlxx_hal_rcc_ex.o
 .text.LL_RCC_ReleaseBackupDomainReset
                0x08009632       0x20 ./Drivers/STM32WLxx_HAL_Driver/Src/stm32wlxx_hal_rcc_ex.o
 *fill*         0x08009652        0x2 
 .text.HAL_RCCEx_PeriphCLKConfig
                0x08009654      0x234 ./Drivers/STM32WLxx_HAL_Driver/Src/stm32wlxx_hal_rcc_ex.o
                0x08009654                HAL_RCCEx_PeriphCLKConfig
 .text.HAL_RTC_Init
                0x08009888      0x104 ./Drivers/STM32WLxx_HAL_Driver/Src/stm32wlxx_hal_rtc.o
                0x08009888                HAL_RTC_Init
 .text.HAL_RTC_WaitForSynchro
                0x0800998c       0x4c ./Drivers/STM32WLxx_HAL_Driver/Src/stm32wlxx_hal_rtc.o
                0x0800998c                HAL_RTC_WaitForSynchro
 .text.RTC_EnterInitMode
                0x080099d8       0x68 ./Drivers/STM32WLxx_HAL_Driver/Src/stm32wlxx_hal_rtc.o
                0x080099d8                RTC_EnterInitMode
 .text.RTC_ExitInitMode
                0x08009a40       0x7c ./Drivers/STM32WLxx_HAL_Driver/Src/stm32wlxx_hal_rtc.o
                0x08009a40                RTC_ExitInitMode
 .text.HAL_RTCEx_SetWakeUpTimer_IT
                0x08009abc      0x10c ./Drivers/STM32WLxx_HAL_Driver/Src/stm32wlxx_hal_rtc_ex.o
                0x08009abc                HAL_RTCEx_SetWakeUpTimer_IT
 .text.HAL_RTCEx_DeactivateWakeUpTimer
                0x08009bc8       0xa8 ./Drivers/STM32WLxx_HAL_Driver/Src/stm32wlxx_hal_rtc_ex.o
                0x08009bc8                HAL_RTCEx_DeactivateWakeUpTimer
 .text.LL_PWR_SetRadioBusyTrigger
                0x08009c70       0x28 ./Drivers/STM32WLxx_HAL_Driver/Src/stm32wlxx_hal_subghz.o
 .text.LL_PWR_UnselectSUBGHZSPI_NSS
                0x08009c98       0x20 ./Drivers/STM32WLxx_HAL_Driver/Src/stm32wlxx_hal_subghz.o
 .text.LL_PWR_SelectSUBGHZSPI_NSS
                0x08009cb8       0x20 ./Drivers/STM32WLxx_HAL_Driver/Src/stm32wlxx_hal_subghz.o
 .text.LL_PWR_ClearFlag_RFBUSY
                0x08009cd8       0x18 ./Drivers/STM32WLxx_HAL_Driver/Src/stm32wlxx_hal_subghz.o
 .text.LL_PWR_IsActiveFlag_RFBUSYS
                0x08009cf0       0x24 ./Drivers/STM32WLxx_HAL_Driver/Src/stm32wlxx_hal_subghz.o
 .text.LL_PWR_IsActiveFlag_RFBUSYMS
                0x08009d14       0x24 ./Drivers/STM32WLxx_HAL_Driver/Src/stm32wlxx_hal_subghz.o
 .text.LL_RCC_RF_DisableReset
                0x08009d38       0x20 ./Drivers/STM32WLxx_HAL_Driver/Src/stm32wlxx_hal_subghz.o
 .text.LL_RCC_IsRFUnderReset
                0x08009d58       0x24 ./Drivers/STM32WLxx_HAL_Driver/Src/stm32wlxx_hal_subghz.o
 .text.LL_EXTI_EnableIT_32_63
                0x08009d7c       0x28 ./Drivers/STM32WLxx_HAL_Driver/Src/stm32wlxx_hal_subghz.o
 .text.HAL_SUBGHZ_Init
                0x08009da4       0xc8 ./Drivers/STM32WLxx_HAL_Driver/Src/stm32wlxx_hal_subghz.o
                0x08009da4                HAL_SUBGHZ_Init
 .text.HAL_SUBGHZ_WriteRegisters
                0x08009e6c       0xbe ./Drivers/STM32WLxx_HAL_Driver/Src/stm32wlxx_hal_subghz.o
                0x08009e6c                HAL_SUBGHZ_WriteRegisters
 .text.HAL_SUBGHZ_ReadRegisters
                0x08009f2a       0xc2 ./Drivers/STM32WLxx_HAL_Driver/Src/stm32wlxx_hal_subghz.o
                0x08009f2a                HAL_SUBGHZ_ReadRegisters
 .text.HAL_SUBGHZ_ExecSetCmd
                0x08009fec       0xbe ./Drivers/STM32WLxx_HAL_Driver/Src/stm32wlxx_hal_subghz.o
                0x08009fec                HAL_SUBGHZ_ExecSetCmd
 .text.HAL_SUBGHZ_ExecGetCmd
                0x0800a0aa       0xa8 ./Drivers/STM32WLxx_HAL_Driver/Src/stm32wlxx_hal_subghz.o
                0x0800a0aa                HAL_SUBGHZ_ExecGetCmd
 .text.HAL_SUBGHZ_WriteBuffer
                0x0800a152       0xa6 ./Drivers/STM32WLxx_HAL_Driver/Src/stm32wlxx_hal_subghz.o
                0x0800a152                HAL_SUBGHZ_WriteBuffer
 .text.HAL_SUBGHZ_ReadBuffer
                0x0800a1f8       0xb0 ./Drivers/STM32WLxx_HAL_Driver/Src/stm32wlxx_hal_subghz.o
                0x0800a1f8                HAL_SUBGHZ_ReadBuffer
 .text.HAL_SUBGHZ_IRQHandler
                0x0800a2a8       0xfa ./Drivers/STM32WLxx_HAL_Driver/Src/stm32wlxx_hal_subghz.o
                0x0800a2a8                HAL_SUBGHZ_IRQHandler
 *fill*         0x0800a3a2        0x2 
 .text.SUBGHZSPI_Init
                0x0800a3a4       0x40 ./Drivers/STM32WLxx_HAL_Driver/Src/stm32wlxx_hal_subghz.o
                0x0800a3a4                SUBGHZSPI_Init
 .text.SUBGHZSPI_Transmit
                0x0800a3e4       0xac ./Drivers/STM32WLxx_HAL_Driver/Src/stm32wlxx_hal_subghz.o
                0x0800a3e4                SUBGHZSPI_Transmit
 .text.SUBGHZSPI_Receive
                0x0800a490       0xb0 ./Drivers/STM32WLxx_HAL_Driver/Src/stm32wlxx_hal_subghz.o
                0x0800a490                SUBGHZSPI_Receive
 .text.SUBGHZ_CheckDeviceReady
                0x0800a540       0x48 ./Drivers/STM32WLxx_HAL_Driver/Src/stm32wlxx_hal_subghz.o
                0x0800a540                SUBGHZ_CheckDeviceReady
 .text.SUBGHZ_WaitOnBusy
                0x0800a588       0x5c ./Drivers/STM32WLxx_HAL_Driver/Src/stm32wlxx_hal_subghz.o
                0x0800a588                SUBGHZ_WaitOnBusy
 .text.HAL_TIM_Base_Init
                0x0800a5e4       0xae ./Drivers/STM32WLxx_HAL_Driver/Src/stm32wlxx_hal_tim.o
                0x0800a5e4                HAL_TIM_Base_Init
 *fill*         0x0800a692        0x2 
 .text.HAL_TIM_Base_Start
                0x0800a694       0x88 ./Drivers/STM32WLxx_HAL_Driver/Src/stm32wlxx_hal_tim.o
                0x0800a694                HAL_TIM_Base_Start
 .text.HAL_TIM_ConfigClockSource
                0x0800a71c      0x192 ./Drivers/STM32WLxx_HAL_Driver/Src/stm32wlxx_hal_tim.o
                0x0800a71c                HAL_TIM_ConfigClockSource
 *fill*         0x0800a8ae        0x2 
 .text.TIM_Base_SetConfig
                0x0800a8b0       0xc4 ./Drivers/STM32WLxx_HAL_Driver/Src/stm32wlxx_hal_tim.o
                0x0800a8b0                TIM_Base_SetConfig
 .text.TIM_TI1_ConfigInputStage
                0x0800a974       0x5c ./Drivers/STM32WLxx_HAL_Driver/Src/stm32wlxx_hal_tim.o
 .text.TIM_TI2_ConfigInputStage
                0x0800a9d0       0x5e ./Drivers/STM32WLxx_HAL_Driver/Src/stm32wlxx_hal_tim.o
 .text.TIM_ITRx_SetConfig
                0x0800aa2e       0x38 ./Drivers/STM32WLxx_HAL_Driver/Src/stm32wlxx_hal_tim.o
 .text.TIM_ETR_SetConfig
                0x0800aa66       0x3e ./Drivers/STM32WLxx_HAL_Driver/Src/stm32wlxx_hal_tim.o
                0x0800aa66                TIM_ETR_SetConfig
 .text.HAL_TIMEx_MasterConfigSynchronization
                0x0800aaa4       0xbc ./Drivers/STM32WLxx_HAL_Driver/Src/stm32wlxx_hal_tim_ex.o
                0x0800aaa4                HAL_TIMEx_MasterConfigSynchronization
 .text.LL_RCC_GetUSARTClockSource
                0x0800ab60       0x24 ./Drivers/STM32WLxx_HAL_Driver/Src/stm32wlxx_hal_uart.o
 .text.LL_RCC_GetLPUARTClockSource
                0x0800ab84       0x1e ./Drivers/STM32WLxx_HAL_Driver/Src/stm32wlxx_hal_uart.o
 .text.HAL_UART_Init
                0x0800aba2       0xa0 ./Drivers/STM32WLxx_HAL_Driver/Src/stm32wlxx_hal_uart.o
                0x0800aba2                HAL_UART_Init
 .text.HAL_UART_DeInit
                0x0800ac42       0x7e ./Drivers/STM32WLxx_HAL_Driver/Src/stm32wlxx_hal_uart.o
                0x0800ac42                HAL_UART_DeInit
 .text.HAL_UART_Transmit
                0x0800acc0      0x10c ./Drivers/STM32WLxx_HAL_Driver/Src/stm32wlxx_hal_uart.o
                0x0800acc0                HAL_UART_Transmit
 .text.UART_SetConfig
                0x0800adcc      0x4e8 ./Drivers/STM32WLxx_HAL_Driver/Src/stm32wlxx_hal_uart.o
                0x0800adcc                UART_SetConfig
 .text.UART_AdvFeatureConfig
                0x0800b2b4      0x142 ./Drivers/STM32WLxx_HAL_Driver/Src/stm32wlxx_hal_uart.o
                0x0800b2b4                UART_AdvFeatureConfig
 .text.UART_CheckIdleState
                0x0800b3f6       0x9c ./Drivers/STM32WLxx_HAL_Driver/Src/stm32wlxx_hal_uart.o
                0x0800b3f6                UART_CheckIdleState
 .text.UART_WaitOnFlagUntilTimeout
                0x0800b492      0x190 ./Drivers/STM32WLxx_HAL_Driver/Src/stm32wlxx_hal_uart.o
                0x0800b492                UART_WaitOnFlagUntilTimeout
 .text.HAL_UARTEx_DisableFifoMode
                0x0800b622       0x70 ./Drivers/STM32WLxx_HAL_Driver/Src/stm32wlxx_hal_uart_ex.o
                0x0800b622                HAL_UARTEx_DisableFifoMode
 .text.HAL_UARTEx_SetTxFifoThreshold
                0x0800b692       0x7c ./Drivers/STM32WLxx_HAL_Driver/Src/stm32wlxx_hal_uart_ex.o
                0x0800b692                HAL_UARTEx_SetTxFifoThreshold
 .text.HAL_UARTEx_SetRxFifoThreshold
                0x0800b70e       0x7c ./Drivers/STM32WLxx_HAL_Driver/Src/stm32wlxx_hal_uart_ex.o
                0x0800b70e                HAL_UARTEx_SetRxFifoThreshold
 *fill*         0x0800b78a        0x2 
 .text.UARTEx_SetNbDataToProcess
                0x0800b78c       0x98 ./Drivers/STM32WLxx_HAL_Driver/Src/stm32wlxx_hal_uart_ex.o
 .text.UTIL_MEM_set_8
                0x0800b824       0x36 ./Utils/misc/stm32_mem.o
                0x0800b824                UTIL_MEM_set_8
 .text.__cvt    0x0800b85a       0xc8 C:/ST/STM32CubeIDE_1.16.0/STM32CubeIDE/plugins/com.st.stm32cube.ide.mcu.externaltools.gnu-tools-for-stm32.12.3.rel1.win32_1.0.200.202406191623/tools/bin/../lib/gcc/arm-none-eabi/12.3.1/../../../../arm-none-eabi/lib/thumb/v7e-m/nofp\libc_nano.a(libc_a-nano-vfprintf_float.o)
                0x0800b85a                __cvt
 .text.__exponent
                0x0800b922       0x74 C:/ST/STM32CubeIDE_1.16.0/STM32CubeIDE/plugins/com.st.stm32cube.ide.mcu.externaltools.gnu-tools-for-stm32.12.3.rel1.win32_1.0.200.202406191623/tools/bin/../lib/gcc/arm-none-eabi/12.3.1/../../../../arm-none-eabi/lib/thumb/v7e-m/nofp\libc_nano.a(libc_a-nano-vfprintf_float.o)
                0x0800b922                __exponent
 *fill*         0x0800b996        0x2 
 .text._printf_float
                0x0800b998      0x458 C:/ST/STM32CubeIDE_1.16.0/STM32CubeIDE/plugins/com.st.stm32cube.ide.mcu.externaltools.gnu-tools-for-stm32.12.3.rel1.win32_1.0.200.202406191623/tools/bin/../lib/gcc/arm-none-eabi/12.3.1/../../../../arm-none-eabi/lib/thumb/v7e-m/nofp\libc_nano.a(libc_a-nano-vfprintf_float.o)
                0x0800b998                _printf_float
 .text._printf_common
                0x0800bdf0       0xda C:/ST/STM32CubeIDE_1.16.0/STM32CubeIDE/plugins/com.st.stm32cube.ide.mcu.externaltools.gnu-tools-for-stm32.12.3.rel1.win32_1.0.200.202406191623/tools/bin/../lib/gcc/arm-none-eabi/12.3.1/../../../../arm-none-eabi/lib/thumb/v7e-m/nofp\libc_nano.a(libc_a-nano-vfprintf_i.o)
                0x0800bdf0                _printf_common
 *fill*         0x0800beca        0x2 
 .text._printf_i
                0x0800becc      0x240 C:/ST/STM32CubeIDE_1.16.0/STM32CubeIDE/plugins/com.st.stm32cube.ide.mcu.externaltools.gnu-tools-for-stm32.12.3.rel1.win32_1.0.200.202406191623/tools/bin/../lib/gcc/arm-none-eabi/12.3.1/../../../../arm-none-eabi/lib/thumb/v7e-m/nofp\libc_nano.a(libc_a-nano-vfprintf_i.o)
                0x0800becc                _printf_i
 .text.std      0x0800c10c       0x6c C:/ST/STM32CubeIDE_1.16.0/STM32CubeIDE/plugins/com.st.stm32cube.ide.mcu.externaltools.gnu-tools-for-stm32.12.3.rel1.win32_1.0.200.202406191623/tools/bin/../lib/gcc/arm-none-eabi/12.3.1/../../../../arm-none-eabi/lib/thumb/v7e-m/nofp\libc_nano.a(libc_a-findfp.o)
 .text.stdio_exit_handler
                0x0800c178       0x18 C:/ST/STM32CubeIDE_1.16.0/STM32CubeIDE/plugins/com.st.stm32cube.ide.mcu.externaltools.gnu-tools-for-stm32.12.3.rel1.win32_1.0.200.202406191623/tools/bin/../lib/gcc/arm-none-eabi/12.3.1/../../../../arm-none-eabi/lib/thumb/v7e-m/nofp\libc_nano.a(libc_a-findfp.o)
 .text.cleanup_stdio
                0x0800c190       0x40 C:/ST/STM32CubeIDE_1.16.0/STM32CubeIDE/plugins/com.st.stm32cube.ide.mcu.externaltools.gnu-tools-for-stm32.12.3.rel1.win32_1.0.200.202406191623/tools/bin/../lib/gcc/arm-none-eabi/12.3.1/../../../../arm-none-eabi/lib/thumb/v7e-m/nofp\libc_nano.a(libc_a-findfp.o)
 .text.global_stdio_init.part.0
                0x0800c1d0       0x3c C:/ST/STM32CubeIDE_1.16.0/STM32CubeIDE/plugins/com.st.stm32cube.ide.mcu.externaltools.gnu-tools-for-stm32.12.3.rel1.win32_1.0.200.202406191623/tools/bin/../lib/gcc/arm-none-eabi/12.3.1/../../../../arm-none-eabi/lib/thumb/v7e-m/nofp\libc_nano.a(libc_a-findfp.o)
 .text.__sfp_lock_acquire
                0x0800c20c        0xc C:/ST/STM32CubeIDE_1.16.0/STM32CubeIDE/plugins/com.st.stm32cube.ide.mcu.externaltools.gnu-tools-for-stm32.12.3.rel1.win32_1.0.200.202406191623/tools/bin/../lib/gcc/arm-none-eabi/12.3.1/../../../../arm-none-eabi/lib/thumb/v7e-m/nofp\libc_nano.a(libc_a-findfp.o)
                0x0800c20c                __sfp_lock_acquire
 .text.__sfp_lock_release
                0x0800c218        0xc C:/ST/STM32CubeIDE_1.16.0/STM32CubeIDE/plugins/com.st.stm32cube.ide.mcu.externaltools.gnu-tools-for-stm32.12.3.rel1.win32_1.0.200.202406191623/tools/bin/../lib/gcc/arm-none-eabi/12.3.1/../../../../arm-none-eabi/lib/thumb/v7e-m/nofp\libc_nano.a(libc_a-findfp.o)
                0x0800c218                __sfp_lock_release
 .text.__sinit  0x0800c224       0x30 C:/ST/STM32CubeIDE_1.16.0/STM32CubeIDE/plugins/com.st.stm32cube.ide.mcu.externaltools.gnu-tools-for-stm32.12.3.rel1.win32_1.0.200.202406191623/tools/bin/../lib/gcc/arm-none-eabi/12.3.1/../../../../arm-none-eabi/lib/thumb/v7e-m/nofp\libc_nano.a(libc_a-findfp.o)
                0x0800c224                __sinit
 .text._fwalk_sglue
                0x0800c254       0x3c C:/ST/STM32CubeIDE_1.16.0/STM32CubeIDE/plugins/com.st.stm32cube.ide.mcu.externaltools.gnu-tools-for-stm32.12.3.rel1.win32_1.0.200.202406191623/tools/bin/../lib/gcc/arm-none-eabi/12.3.1/../../../../arm-none-eabi/lib/thumb/v7e-m/nofp\libc_nano.a(libc_a-fwalk.o)
                0x0800c254                _fwalk_sglue
 .text.snprintf
                0x0800c290       0x68 C:/ST/STM32CubeIDE_1.16.0/STM32CubeIDE/plugins/com.st.stm32cube.ide.mcu.externaltools.gnu-tools-for-stm32.12.3.rel1.win32_1.0.200.202406191623/tools/bin/../lib/gcc/arm-none-eabi/12.3.1/../../../../arm-none-eabi/lib/thumb/v7e-m/nofp\libc_nano.a(libc_a-snprintf.o)
                0x0800c290                sniprintf
                0x0800c290                snprintf
 .text.sprintf  0x0800c2f8       0x40 C:/ST/STM32CubeIDE_1.16.0/STM32CubeIDE/plugins/com.st.stm32cube.ide.mcu.externaltools.gnu-tools-for-stm32.12.3.rel1.win32_1.0.200.202406191623/tools/bin/../lib/gcc/arm-none-eabi/12.3.1/../../../../arm-none-eabi/lib/thumb/v7e-m/nofp\libc_nano.a(libc_a-sprintf.o)
                0x0800c2f8                siprintf
                0x0800c2f8                sprintf
 .text.__sread  0x0800c338       0x22 C:/ST/STM32CubeIDE_1.16.0/STM32CubeIDE/plugins/com.st.stm32cube.ide.mcu.externaltools.gnu-tools-for-stm32.12.3.rel1.win32_1.0.200.202406191623/tools/bin/../lib/gcc/arm-none-eabi/12.3.1/../../../../arm-none-eabi/lib/thumb/v7e-m/nofp\libc_nano.a(libc_a-stdio.o)
                0x0800c338                __sread
 .text.__swrite
                0x0800c35a       0x38 C:/ST/STM32CubeIDE_1.16.0/STM32CubeIDE/plugins/com.st.stm32cube.ide.mcu.externaltools.gnu-tools-for-stm32.12.3.rel1.win32_1.0.200.202406191623/tools/bin/../lib/gcc/arm-none-eabi/12.3.1/../../../../arm-none-eabi/lib/thumb/v7e-m/nofp\libc_nano.a(libc_a-stdio.o)
                0x0800c35a                __swrite
 .text.__sseek  0x0800c392       0x24 C:/ST/STM32CubeIDE_1.16.0/STM32CubeIDE/plugins/com.st.stm32cube.ide.mcu.externaltools.gnu-tools-for-stm32.12.3.rel1.win32_1.0.200.202406191623/tools/bin/../lib/gcc/arm-none-eabi/12.3.1/../../../../arm-none-eabi/lib/thumb/v7e-m/nofp\libc_nano.a(libc_a-stdio.o)
                0x0800c392                __sseek
 .text.__sclose
                0x0800c3b6        0x8 C:/ST/STM32CubeIDE_1.16.0/STM32CubeIDE/plugins/com.st.stm32cube.ide.mcu.externaltools.gnu-tools-for-stm32.12.3.rel1.win32_1.0.200.202406191623/tools/bin/../lib/gcc/arm-none-eabi/12.3.1/../../../../arm-none-eabi/lib/thumb/v7e-m/nofp\libc_nano.a(libc_a-stdio.o)
                0x0800c3b6                __sclose
 .text.memset   0x0800c3be       0x10 C:/ST/STM32CubeIDE_1.16.0/STM32CubeIDE/plugins/com.st.stm32cube.ide.mcu.externaltools.gnu-tools-for-stm32.12.3.rel1.win32_1.0.200.202406191623/tools/bin/../lib/gcc/arm-none-eabi/12.3.1/../../../../arm-none-eabi/lib/thumb/v7e-m/nofp\libc_nano.a(libc_a-memset.o)
                0x0800c3be                memset
 .text.strncmp  0x0800c3ce       0x24 C:/ST/STM32CubeIDE_1.16.0/STM32CubeIDE/plugins/com.st.stm32cube.ide.mcu.externaltools.gnu-tools-for-stm32.12.3.rel1.win32_1.0.200.202406191623/tools/bin/../lib/gcc/arm-none-eabi/12.3.1/../../../../arm-none-eabi/lib/thumb/v7e-m/nofp\libc_nano.a(libc_a-strncmp.o)
                0x0800c3ce                strncmp
 *fill*         0x0800c3f2        0x2 
 .text._localeconv_r
                0x0800c3f4        0x8 C:/ST/STM32CubeIDE_1.16.0/STM32CubeIDE/plugins/com.st.stm32cube.ide.mcu.externaltools.gnu-tools-for-stm32.12.3.rel1.win32_1.0.200.202406191623/tools/bin/../lib/gcc/arm-none-eabi/12.3.1/../../../../arm-none-eabi/lib/thumb/v7e-m/nofp\libc_nano.a(libc_a-localeconv.o)
                0x0800c3f4                _localeconv_r
 .text._close_r
                0x0800c3fc       0x20 C:/ST/STM32CubeIDE_1.16.0/STM32CubeIDE/plugins/com.st.stm32cube.ide.mcu.externaltools.gnu-tools-for-stm32.12.3.rel1.win32_1.0.200.202406191623/tools/bin/../lib/gcc/arm-none-eabi/12.3.1/../../../../arm-none-eabi/lib/thumb/v7e-m/nofp\libc_nano.a(libc_a-closer.o)
                0x0800c3fc                _close_r
 .text._lseek_r
                0x0800c41c       0x24 C:/ST/STM32CubeIDE_1.16.0/STM32CubeIDE/plugins/com.st.stm32cube.ide.mcu.externaltools.gnu-tools-for-stm32.12.3.rel1.win32_1.0.200.202406191623/tools/bin/../lib/gcc/arm-none-eabi/12.3.1/../../../../arm-none-eabi/lib/thumb/v7e-m/nofp\libc_nano.a(libc_a-lseekr.o)
                0x0800c41c                _lseek_r
 .text._read_r  0x0800c440       0x24 C:/ST/STM32CubeIDE_1.16.0/STM32CubeIDE/plugins/com.st.stm32cube.ide.mcu.externaltools.gnu-tools-for-stm32.12.3.rel1.win32_1.0.200.202406191623/tools/bin/../lib/gcc/arm-none-eabi/12.3.1/../../../../arm-none-eabi/lib/thumb/v7e-m/nofp\libc_nano.a(libc_a-readr.o)
                0x0800c440                _read_r
 .text._write_r
                0x0800c464       0x24 C:/ST/STM32CubeIDE_1.16.0/STM32CubeIDE/plugins/com.st.stm32cube.ide.mcu.externaltools.gnu-tools-for-stm32.12.3.rel1.win32_1.0.200.202406191623/tools/bin/../lib/gcc/arm-none-eabi/12.3.1/../../../../arm-none-eabi/lib/thumb/v7e-m/nofp\libc_nano.a(libc_a-writer.o)
                0x0800c464                _write_r
 .text.__errno  0x0800c488        0xc C:/ST/STM32CubeIDE_1.16.0/STM32CubeIDE/plugins/com.st.stm32cube.ide.mcu.externaltools.gnu-tools-for-stm32.12.3.rel1.win32_1.0.200.202406191623/tools/bin/../lib/gcc/arm-none-eabi/12.3.1/../../../../arm-none-eabi/lib/thumb/v7e-m/nofp\libc_nano.a(libc_a-errno.o)
                0x0800c488                __errno
 .text.__libc_init_array
                0x0800c494       0x48 C:/ST/STM32CubeIDE_1.16.0/STM32CubeIDE/plugins/com.st.stm32cube.ide.mcu.externaltools.gnu-tools-for-stm32.12.3.rel1.win32_1.0.200.202406191623/tools/bin/../lib/gcc/arm-none-eabi/12.3.1/../../../../arm-none-eabi/lib/thumb/v7e-m/nofp\libc_nano.a(libc_a-init.o)
                0x0800c494                __libc_init_array
 .text.__retarget_lock_init_recursive
                0x0800c4dc        0x2 C:/ST/STM32CubeIDE_1.16.0/STM32CubeIDE/plugins/com.st.stm32cube.ide.mcu.externaltools.gnu-tools-for-stm32.12.3.rel1.win32_1.0.200.202406191623/tools/bin/../lib/gcc/arm-none-eabi/12.3.1/../../../../arm-none-eabi/lib/thumb/v7e-m/nofp\libc_nano.a(libc_a-lock.o)
                0x0800c4dc                __retarget_lock_init_recursive
 .text.__retarget_lock_acquire_recursive
                0x0800c4de        0x2 C:/ST/STM32CubeIDE_1.16.0/STM32CubeIDE/plugins/com.st.stm32cube.ide.mcu.externaltools.gnu-tools-for-stm32.12.3.rel1.win32_1.0.200.202406191623/tools/bin/../lib/gcc/arm-none-eabi/12.3.1/../../../../arm-none-eabi/lib/thumb/v7e-m/nofp\libc_nano.a(libc_a-lock.o)
                0x0800c4de                __retarget_lock_acquire_recursive
 .text.__retarget_lock_release_recursive
                0x0800c4e0        0x2 C:/ST/STM32CubeIDE_1.16.0/STM32CubeIDE/plugins/com.st.stm32cube.ide.mcu.externaltools.gnu-tools-for-stm32.12.3.rel1.win32_1.0.200.202406191623/tools/bin/../lib/gcc/arm-none-eabi/12.3.1/../../../../arm-none-eabi/lib/thumb/v7e-m/nofp\libc_nano.a(libc_a-lock.o)
                0x0800c4e0                __retarget_lock_release_recursive
 .text.quorem   0x0800c4e2      0x110 C:/ST/STM32CubeIDE_1.16.0/STM32CubeIDE/plugins/com.st.stm32cube.ide.mcu.externaltools.gnu-tools-for-stm32.12.3.rel1.win32_1.0.200.202406191623/tools/bin/../lib/gcc/arm-none-eabi/12.3.1/../../../../arm-none-eabi/lib/thumb/v7e-m/nofp\libc_nano.a(libc_a-dtoa.o)
 *fill*         0x0800c5f2        0x6 
 .text._dtoa_r  0x0800c5f8      0xb90 C:/ST/STM32CubeIDE_1.16.0/STM32CubeIDE/plugins/com.st.stm32cube.ide.mcu.externaltools.gnu-tools-for-stm32.12.3.rel1.win32_1.0.200.202406191623/tools/bin/../lib/gcc/arm-none-eabi/12.3.1/../../../../arm-none-eabi/lib/thumb/v7e-m/nofp\libc_nano.a(libc_a-dtoa.o)
                0x0800c5f8                _dtoa_r
 .text._free_r  0x0800d188       0x94 C:/ST/STM32CubeIDE_1.16.0/STM32CubeIDE/plugins/com.st.stm32cube.ide.mcu.externaltools.gnu-tools-for-stm32.12.3.rel1.win32_1.0.200.202406191623/tools/bin/../lib/gcc/arm-none-eabi/12.3.1/../../../../arm-none-eabi/lib/thumb/v7e-m/nofp\libc_nano.a(libc_a-freer.o)
                0x0800d188                _free_r
 .text.malloc   0x0800d21c       0x10 C:/ST/STM32CubeIDE_1.16.0/STM32CubeIDE/plugins/com.st.stm32cube.ide.mcu.externaltools.gnu-tools-for-stm32.12.3.rel1.win32_1.0.200.202406191623/tools/bin/../lib/gcc/arm-none-eabi/12.3.1/../../../../arm-none-eabi/lib/thumb/v7e-m/nofp\libc_nano.a(libc_a-malloc.o)
                0x0800d21c                malloc
 .text.sbrk_aligned
                0x0800d22c       0x44 C:/ST/STM32CubeIDE_1.16.0/STM32CubeIDE/plugins/com.st.stm32cube.ide.mcu.externaltools.gnu-tools-for-stm32.12.3.rel1.win32_1.0.200.202406191623/tools/bin/../lib/gcc/arm-none-eabi/12.3.1/../../../../arm-none-eabi/lib/thumb/v7e-m/nofp\libc_nano.a(libc_a-mallocr.o)
 .text._malloc_r
                0x0800d270      0x100 C:/ST/STM32CubeIDE_1.16.0/STM32CubeIDE/plugins/com.st.stm32cube.ide.mcu.externaltools.gnu-tools-for-stm32.12.3.rel1.win32_1.0.200.202406191623/tools/bin/../lib/gcc/arm-none-eabi/12.3.1/../../../../arm-none-eabi/lib/thumb/v7e-m/nofp\libc_nano.a(libc_a-mallocr.o)
                0x0800d270                _malloc_r
 .text.__malloc_lock
                0x0800d370        0xc C:/ST/STM32CubeIDE_1.16.0/STM32CubeIDE/plugins/com.st.stm32cube.ide.mcu.externaltools.gnu-tools-for-stm32.12.3.rel1.win32_1.0.200.202406191623/tools/bin/../lib/gcc/arm-none-eabi/12.3.1/../../../../arm-none-eabi/lib/thumb/v7e-m/nofp\libc_nano.a(libc_a-mlock.o)
                0x0800d370                __malloc_lock
 .text.__malloc_unlock
                0x0800d37c        0xc C:/ST/STM32CubeIDE_1.16.0/STM32CubeIDE/plugins/com.st.stm32cube.ide.mcu.externaltools.gnu-tools-for-stm32.12.3.rel1.win32_1.0.200.202406191623/tools/bin/../lib/gcc/arm-none-eabi/12.3.1/../../../../arm-none-eabi/lib/thumb/v7e-m/nofp\libc_nano.a(libc_a-mlock.o)
                0x0800d37c                __malloc_unlock
 .text._Balloc  0x0800d388       0x80 C:/ST/STM32CubeIDE_1.16.0/STM32CubeIDE/plugins/com.st.stm32cube.ide.mcu.externaltools.gnu-tools-for-stm32.12.3.rel1.win32_1.0.200.202406191623/tools/bin/../lib/gcc/arm-none-eabi/12.3.1/../../../../arm-none-eabi/lib/thumb/v7e-m/nofp\libc_nano.a(libc_a-mprec.o)
                0x0800d388                _Balloc
 .text._Bfree   0x0800d408       0x44 C:/ST/STM32CubeIDE_1.16.0/STM32CubeIDE/plugins/com.st.stm32cube.ide.mcu.externaltools.gnu-tools-for-stm32.12.3.rel1.win32_1.0.200.202406191623/tools/bin/../lib/gcc/arm-none-eabi/12.3.1/../../../../arm-none-eabi/lib/thumb/v7e-m/nofp\libc_nano.a(libc_a-mprec.o)
                0x0800d408                _Bfree
 .text.__multadd
                0x0800d44c       0x8c C:/ST/STM32CubeIDE_1.16.0/STM32CubeIDE/plugins/com.st.stm32cube.ide.mcu.externaltools.gnu-tools-for-stm32.12.3.rel1.win32_1.0.200.202406191623/tools/bin/../lib/gcc/arm-none-eabi/12.3.1/../../../../arm-none-eabi/lib/thumb/v7e-m/nofp\libc_nano.a(libc_a-mprec.o)
                0x0800d44c                __multadd
 .text.__hi0bits
                0x0800d4d8       0x3e C:/ST/STM32CubeIDE_1.16.0/STM32CubeIDE/plugins/com.st.stm32cube.ide.mcu.externaltools.gnu-tools-for-stm32.12.3.rel1.win32_1.0.200.202406191623/tools/bin/../lib/gcc/arm-none-eabi/12.3.1/../../../../arm-none-eabi/lib/thumb/v7e-m/nofp\libc_nano.a(libc_a-mprec.o)
                0x0800d4d8                __hi0bits
 .text.__lo0bits
                0x0800d516       0x5a C:/ST/STM32CubeIDE_1.16.0/STM32CubeIDE/plugins/com.st.stm32cube.ide.mcu.externaltools.gnu-tools-for-stm32.12.3.rel1.win32_1.0.200.202406191623/tools/bin/../lib/gcc/arm-none-eabi/12.3.1/../../../../arm-none-eabi/lib/thumb/v7e-m/nofp\libc_nano.a(libc_a-mprec.o)
                0x0800d516                __lo0bits
 .text.__i2b    0x0800d570       0x2c C:/ST/STM32CubeIDE_1.16.0/STM32CubeIDE/plugins/com.st.stm32cube.ide.mcu.externaltools.gnu-tools-for-stm32.12.3.rel1.win32_1.0.200.202406191623/tools/bin/../lib/gcc/arm-none-eabi/12.3.1/../../../../arm-none-eabi/lib/thumb/v7e-m/nofp\libc_nano.a(libc_a-mprec.o)
                0x0800d570                __i2b
 .text.__multiply
                0x0800d59c      0x154 C:/ST/STM32CubeIDE_1.16.0/STM32CubeIDE/plugins/com.st.stm32cube.ide.mcu.externaltools.gnu-tools-for-stm32.12.3.rel1.win32_1.0.200.202406191623/tools/bin/../lib/gcc/arm-none-eabi/12.3.1/../../../../arm-none-eabi/lib/thumb/v7e-m/nofp\libc_nano.a(libc_a-mprec.o)
                0x0800d59c                __multiply
 .text.__pow5mult
                0x0800d6f0       0xb4 C:/ST/STM32CubeIDE_1.16.0/STM32CubeIDE/plugins/com.st.stm32cube.ide.mcu.externaltools.gnu-tools-for-stm32.12.3.rel1.win32_1.0.200.202406191623/tools/bin/../lib/gcc/arm-none-eabi/12.3.1/../../../../arm-none-eabi/lib/thumb/v7e-m/nofp\libc_nano.a(libc_a-mprec.o)
                0x0800d6f0                __pow5mult
 .text.__lshift
                0x0800d7a4       0xd8 C:/ST/STM32CubeIDE_1.16.0/STM32CubeIDE/plugins/com.st.stm32cube.ide.mcu.externaltools.gnu-tools-for-stm32.12.3.rel1.win32_1.0.200.202406191623/tools/bin/../lib/gcc/arm-none-eabi/12.3.1/../../../../arm-none-eabi/lib/thumb/v7e-m/nofp\libc_nano.a(libc_a-mprec.o)
                0x0800d7a4                __lshift
 .text.__mcmp   0x0800d87c       0x36 C:/ST/STM32CubeIDE_1.16.0/STM32CubeIDE/plugins/com.st.stm32cube.ide.mcu.externaltools.gnu-tools-for-stm32.12.3.rel1.win32_1.0.200.202406191623/tools/bin/../lib/gcc/arm-none-eabi/12.3.1/../../../../arm-none-eabi/lib/thumb/v7e-m/nofp\libc_nano.a(libc_a-mprec.o)
                0x0800d87c                __mcmp
 *fill*         0x0800d8b2        0x2 
 .text.__mdiff  0x0800d8b4      0x124 C:/ST/STM32CubeIDE_1.16.0/STM32CubeIDE/plugins/com.st.stm32cube.ide.mcu.externaltools.gnu-tools-for-stm32.12.3.rel1.win32_1.0.200.202406191623/tools/bin/../lib/gcc/arm-none-eabi/12.3.1/../../../../arm-none-eabi/lib/thumb/v7e-m/nofp\libc_nano.a(libc_a-mprec.o)
                0x0800d8b4                __mdiff
 .text.__d2b    0x0800d9d8       0xb0 C:/ST/STM32CubeIDE_1.16.0/STM32CubeIDE/plugins/com.st.stm32cube.ide.mcu.externaltools.gnu-tools-for-stm32.12.3.rel1.win32_1.0.200.202406191623/tools/bin/../lib/gcc/arm-none-eabi/12.3.1/../../../../arm-none-eabi/lib/thumb/v7e-m/nofp\libc_nano.a(libc_a-mprec.o)
                0x0800d9d8                __d2b
 .text.__ssputs_r
                0x0800da88       0xb6 C:/ST/STM32CubeIDE_1.16.0/STM32CubeIDE/plugins/com.st.stm32cube.ide.mcu.externaltools.gnu-tools-for-stm32.12.3.rel1.win32_1.0.200.202406191623/tools/bin/../lib/gcc/arm-none-eabi/12.3.1/../../../../arm-none-eabi/lib/thumb/v7e-m/nofp\libc_nano.a(libc_a-nano-svfprintf.o)
                0x0800da88                __ssputs_r
 *fill*         0x0800db3e        0x2 
 .text._svfprintf_r
                0x0800db40      0x1f8 C:/ST/STM32CubeIDE_1.16.0/STM32CubeIDE/plugins/com.st.stm32cube.ide.mcu.externaltools.gnu-tools-for-stm32.12.3.rel1.win32_1.0.200.202406191623/tools/bin/../lib/gcc/arm-none-eabi/12.3.1/../../../../arm-none-eabi/lib/thumb/v7e-m/nofp\libc_nano.a(libc_a-nano-svfprintf.o)
                0x0800db40                _svfiprintf_r
                0x0800db40                _svfprintf_r
 .text.__sflush_r
                0x0800dd38      0x100 C:/ST/STM32CubeIDE_1.16.0/STM32CubeIDE/plugins/com.st.stm32cube.ide.mcu.externaltools.gnu-tools-for-stm32.12.3.rel1.win32_1.0.200.202406191623/tools/bin/../lib/gcc/arm-none-eabi/12.3.1/../../../../arm-none-eabi/lib/thumb/v7e-m/nofp\libc_nano.a(libc_a-fflush.o)
                0x0800dd38                __sflush_r
 .text._fflush_r
                0x0800de38       0x50 C:/ST/STM32CubeIDE_1.16.0/STM32CubeIDE/plugins/com.st.stm32cube.ide.mcu.externaltools.gnu-tools-for-stm32.12.3.rel1.win32_1.0.200.202406191623/tools/bin/../lib/gcc/arm-none-eabi/12.3.1/../../../../arm-none-eabi/lib/thumb/v7e-m/nofp\libc_nano.a(libc_a-fflush.o)
                0x0800de38                _fflush_r
 .text.memmove  0x0800de88       0x34 C:/ST/STM32CubeIDE_1.16.0/STM32CubeIDE/plugins/com.st.stm32cube.ide.mcu.externaltools.gnu-tools-for-stm32.12.3.rel1.win32_1.0.200.202406191623/tools/bin/../lib/gcc/arm-none-eabi/12.3.1/../../../../arm-none-eabi/lib/thumb/v7e-m/nofp\libc_nano.a(libc_a-memmove.o)
                0x0800de88                memmove
 .text._sbrk_r  0x0800debc       0x20 C:/ST/STM32CubeIDE_1.16.0/STM32CubeIDE/plugins/com.st.stm32cube.ide.mcu.externaltools.gnu-tools-for-stm32.12.3.rel1.win32_1.0.200.202406191623/tools/bin/../lib/gcc/arm-none-eabi/12.3.1/../../../../arm-none-eabi/lib/thumb/v7e-m/nofp\libc_nano.a(libc_a-sbrkr.o)
                0x0800debc                _sbrk_r
 .text.memcpy   0x0800dedc       0x1c C:/ST/STM32CubeIDE_1.16.0/STM32CubeIDE/plugins/com.st.stm32cube.ide.mcu.externaltools.gnu-tools-for-stm32.12.3.rel1.win32_1.0.200.202406191623/tools/bin/../lib/gcc/arm-none-eabi/12.3.1/../../../../arm-none-eabi/lib/thumb/v7e-m/nofp\libc_nano.a(libc_a-memcpy-stub.o)
                0x0800dedc                memcpy
 .text.__assert_func
                0x0800def8       0x3c C:/ST/STM32CubeIDE_1.16.0/STM32CubeIDE/plugins/com.st.stm32cube.ide.mcu.externaltools.gnu-tools-for-stm32.12.3.rel1.win32_1.0.200.202406191623/tools/bin/../lib/gcc/arm-none-eabi/12.3.1/../../../../arm-none-eabi/lib/thumb/v7e-m/nofp\libc_nano.a(libc_a-assert.o)
                0x0800def8                __assert_func
 .text._calloc_r
                0x0800df34       0x28 C:/ST/STM32CubeIDE_1.16.0/STM32CubeIDE/plugins/com.st.stm32cube.ide.mcu.externaltools.gnu-tools-for-stm32.12.3.rel1.win32_1.0.200.202406191623/tools/bin/../lib/gcc/arm-none-eabi/12.3.1/../../../../arm-none-eabi/lib/thumb/v7e-m/nofp\libc_nano.a(libc_a-callocr.o)
                0x0800df34                _calloc_r
 .text.__ascii_mbtowc
                0x0800df5c       0x24 C:/ST/STM32CubeIDE_1.16.0/STM32CubeIDE/plugins/com.st.stm32cube.ide.mcu.externaltools.gnu-tools-for-stm32.12.3.rel1.win32_1.0.200.202406191623/tools/bin/../lib/gcc/arm-none-eabi/12.3.1/../../../../arm-none-eabi/lib/thumb/v7e-m/nofp\libc_nano.a(libc_a-mbtowc_r.o)
                0x0800df5c                __ascii_mbtowc
 .text._realloc_r